Archive member included to satisfy reference by file (symbol)

C:/Users/Aulo/.pico-sdk/toolchain/14_2_Rel1/bin/../lib/gcc/arm-none-eabi/14.2.1/thumb/v6-m/nofp\libgcc.a(_dvmd_tls.o)
                              CMakeFiles/Semaforo.dir/C_/Users/Aulo/.pico-sdk/sdk/2.1.1/src/rp2_common/pico_divider/divider_hardware.S.obj (__aeabi_idiv0)
C:/Users/Aulo/.pico-sdk/toolchain/14_2_Rel1/bin/../lib/gcc/arm-none-eabi/14.2.1/thumb/v6-m/nofp\libg.a(libc_a-calloc.o)
                              CMakeFiles/Semaforo.dir/C_/Users/Aulo/.pico-sdk/sdk/2.1.1/src/rp2_common/pico_malloc/malloc.c.obj (calloc)
C:/Users/Aulo/.pico-sdk/toolchain/14_2_Rel1/bin/../lib/gcc/arm-none-eabi/14.2.1/thumb/v6-m/nofp\libg.a(libc_a-callocr.o)
                              C:/Users/Aulo/.pico-sdk/toolchain/14_2_Rel1/bin/../lib/gcc/arm-none-eabi/14.2.1/thumb/v6-m/nofp\libg.a(libc_a-calloc.o) (_calloc_r)
C:/Users/Aulo/.pico-sdk/toolchain/14_2_Rel1/bin/../lib/gcc/arm-none-eabi/14.2.1/thumb/v6-m/nofp\libg.a(libc_a-malloc.o)
                              CMakeFiles/Semaforo.dir/C_/Users/Aulo/.pico-sdk/sdk/2.1.1/src/rp2_common/pico_malloc/malloc.c.obj (malloc)
C:/Users/Aulo/.pico-sdk/toolchain/14_2_Rel1/bin/../lib/gcc/arm-none-eabi/14.2.1/thumb/v6-m/nofp\libg.a(libc_a-mallocr.o)
                              C:/Users/Aulo/.pico-sdk/toolchain/14_2_Rel1/bin/../lib/gcc/arm-none-eabi/14.2.1/thumb/v6-m/nofp\libg.a(libc_a-callocr.o) (_malloc_r)
C:/Users/Aulo/.pico-sdk/toolchain/14_2_Rel1/bin/../lib/gcc/arm-none-eabi/14.2.1/thumb/v6-m/nofp\libg.a(libc_a-mlock.o)
                              C:/Users/Aulo/.pico-sdk/toolchain/14_2_Rel1/bin/../lib/gcc/arm-none-eabi/14.2.1/thumb/v6-m/nofp\libg.a(libc_a-mallocr.o) (__malloc_lock)
C:/Users/Aulo/.pico-sdk/toolchain/14_2_Rel1/bin/../lib/gcc/arm-none-eabi/14.2.1/thumb/v6-m/nofp\libg.a(libc_a-rand.o)
                              CMakeFiles/Semaforo.dir/lib/leds.c.obj (rand)
C:/Users/Aulo/.pico-sdk/toolchain/14_2_Rel1/bin/../lib/gcc/arm-none-eabi/14.2.1/thumb/v6-m/nofp\libg.a(libc_a-realloc.o)
                              CMakeFiles/Semaforo.dir/C_/Users/Aulo/.pico-sdk/sdk/2.1.1/src/rp2_common/pico_malloc/malloc.c.obj (realloc)
C:/Users/Aulo/.pico-sdk/toolchain/14_2_Rel1/bin/../lib/gcc/arm-none-eabi/14.2.1/thumb/v6-m/nofp\libg.a(libc_a-reallocr.o)
                              C:/Users/Aulo/.pico-sdk/toolchain/14_2_Rel1/bin/../lib/gcc/arm-none-eabi/14.2.1/thumb/v6-m/nofp\libg.a(libc_a-realloc.o) (_realloc_r)
C:/Users/Aulo/.pico-sdk/toolchain/14_2_Rel1/bin/../lib/gcc/arm-none-eabi/14.2.1/thumb/v6-m/nofp\libg.a(libc_a-ctype_.o)
                              CMakeFiles/Semaforo.dir/C_/Users/Aulo/.pico-sdk/sdk/2.1.1/lib/tinyusb/src/tusb.c.obj (_ctype_)
C:/Users/Aulo/.pico-sdk/toolchain/14_2_Rel1/bin/../lib/gcc/arm-none-eabi/14.2.1/thumb/v6-m/nofp\libg.a(libc_a-memcmp.o)
                              CMakeFiles/Semaforo.dir/C_/Users/Aulo/.pico-sdk/sdk/2.1.1/src/rp2_common/pico_atomic/atomic.c.obj (memcmp)
C:/Users/Aulo/.pico-sdk/toolchain/14_2_Rel1/bin/../lib/gcc/arm-none-eabi/14.2.1/thumb/v6-m/nofp\libg.a(libc_a-memmove.o)
                              C:/Users/Aulo/.pico-sdk/toolchain/14_2_Rel1/bin/../lib/gcc/arm-none-eabi/14.2.1/thumb/v6-m/nofp\libg.a(libc_a-reallocr.o) (memmove)
C:/Users/Aulo/.pico-sdk/toolchain/14_2_Rel1/bin/../lib/gcc/arm-none-eabi/14.2.1/thumb/v6-m/nofp\libg.a(libc_a-lcltime_r.o)
                              CMakeFiles/Semaforo.dir/C_/Users/Aulo/.pico-sdk/sdk/2.1.1/src/common/pico_util/datetime.c.obj (localtime_r)
C:/Users/Aulo/.pico-sdk/toolchain/14_2_Rel1/bin/../lib/gcc/arm-none-eabi/14.2.1/thumb/v6-m/nofp\libg.a(libc_a-mktime.o)
                              CMakeFiles/Semaforo.dir/C_/Users/Aulo/.pico-sdk/sdk/2.1.1/src/common/pico_util/datetime.c.obj (mktime)
C:/Users/Aulo/.pico-sdk/toolchain/14_2_Rel1/bin/../lib/gcc/arm-none-eabi/14.2.1/thumb/v6-m/nofp\libg.a(libc_a-month_lengths.o)
                              C:/Users/Aulo/.pico-sdk/toolchain/14_2_Rel1/bin/../lib/gcc/arm-none-eabi/14.2.1/thumb/v6-m/nofp\libg.a(libc_a-lcltime_r.o) (__month_lengths)
C:/Users/Aulo/.pico-sdk/toolchain/14_2_Rel1/bin/../lib/gcc/arm-none-eabi/14.2.1/thumb/v6-m/nofp\libg.a(libc_a-tzcalc_limits.o)
                              C:/Users/Aulo/.pico-sdk/toolchain/14_2_Rel1/bin/../lib/gcc/arm-none-eabi/14.2.1/thumb/v6-m/nofp\libg.a(libc_a-lcltime_r.o) (__tzcalc_limits)
C:/Users/Aulo/.pico-sdk/toolchain/14_2_Rel1/bin/../lib/gcc/arm-none-eabi/14.2.1/thumb/v6-m/nofp\libg.a(libc_a-tzlock.o)
                              C:/Users/Aulo/.pico-sdk/toolchain/14_2_Rel1/bin/../lib/gcc/arm-none-eabi/14.2.1/thumb/v6-m/nofp\libg.a(libc_a-lcltime_r.o) (__tz_lock)
C:/Users/Aulo/.pico-sdk/toolchain/14_2_Rel1/bin/../lib/gcc/arm-none-eabi/14.2.1/thumb/v6-m/nofp\libg.a(libc_a-tzset.o)
                              C:/Users/Aulo/.pico-sdk/toolchain/14_2_Rel1/bin/../lib/gcc/arm-none-eabi/14.2.1/thumb/v6-m/nofp\libg.a(libc_a-lcltime_r.o) (_tzset_unlocked)
[...]
Memory Configuration

Name             Origin             Length             Attributes
FLASH            0x10000000         0x00200000         xr
RAM              0x20000000         0x00040000         xrw
SCRATCH_X        0x20040000         0x00001000         xrw
SCRATCH_Y        0x20041000         0x00001000         xrw
*default*        0x00000000         0xffffffff

Linker script and memory map

LOAD C:/Users/Aulo/.pico-sdk/toolchain/14_2_Rel1/bin/../lib/gcc/arm-none-eabi/14.2.1/thumb/v6-m/nofp/crti.o
LOAD C:/Users/Aulo/.pico-sdk/toolchain/14_2_Rel1/bin/../lib/gcc/arm-none-eabi/14.2.1/thumb/v6-m/nofp/crtbegin.o
LOAD C:/Users/Aulo/.pico-sdk/toolchain/14_2_Rel1/bin/../lib/gcc/arm-none-eabi/14.2.1/thumb/v6-m/nofp/crt0.o

.flash_begin    0x10000000        0x0
                0x10000000                        __flash_binary_start = .

.boot2          0x10000000      0x100
                0x10000000                        __boot2_start__ = .
 *(.boot2)
 .boot2         0x10000000      0x100 pico-sdk/src/rp2040/boot_stage2/CMakeFiles/bs2_default_library.dir/./bs2_default_padded_checksummed.S.obj
                0x10000100                        __boot2_end__ = .
                0x00000001                        ASSERT (((__boot2_end__ - __boot2_start__) == 0x100), ERROR: Pico second stage bootloader must be 256 bytes in size)

.text           0x10000100     0xaae8
                0x10000100                        __logical_binary_start = .
 *(.vectors)
 .vectors       0x10000100       0xd4 CMakeFiles/Semaforo.dir/C_/Users/Aulo/.pico-sdk/sdk/2.1.1/src/rp2_common/pico_crt0/crt0.S.obj
                0x10000100                __VECTOR_TABLE
                0x10000100                __vectors
                0x100001c0                isr_invalid
                0x100001c0                __default_isrs_start
                0x100001c2                isr_nmi
                0x100001c4                isr_hardfault
                0x100001c6                isr_svcall
                0x100001c8                isr_pendsv
                0x100001ca                isr_systick
                0x100001cc                isr_irq23
                0x100001cc                isr_irq18
                0x100001cc                isr_irq11
                0x100001cc                isr_irq28
                0x100001cc                isr_irq19
                0x100001cc                isr_irq0
                0x100001cc                isr_irq6
                0x100001cc                isr_irq5
                0x100001cc                isr_irq12
                0x100001cc                isr_irq22
                0x100001cc                isr_irq31
                0x100001cc                isr_irq17
                0x100001cc                isr_irq27
                0x100001cc                isr_irq30
                0x100001cc                isr_irq2
                0x100001cc                isr_irq10
                0x100001cc                isr_irq8
                0x100001cc                isr_irq24
                0x100001cc                isr_irq1
                0x100001cc                isr_irq7
                0x100001cc                isr_irq21
                0x100001cc                isr_irq20
                0x100001cc                isr_irq15
                0x100001cc                isr_irq25
                0x100001cc                isr_irq13
                0x100001cc                __unhandled_user_irq
                0x100001cc                isr_irq4
                0x100001cc                isr_irq16
                0x100001cc                isr_irq29
                0x100001cc                isr_irq26
                0x100001cc                __default_isrs_end
                0x100001cc                isr_irq3
                0x100001cc                isr_irq14
                0x100001cc                isr_irq9
                0x100001d2                unhandled_user_irq_num_in_r0
 *(.binary_info_header)
 .binary_info_header
                0x100001d4       0x14 CMakeFiles/Semaforo.dir/C_/Users/Aulo/.pico-sdk/sdk/2.1.1/src/rp2_common/pico_crt0/crt0.S.obj
                0x100001e8                        __binary_info_header_end = .
 *(.embedded_block)
                0x100001e8                        __embedded_block_end = .
 *(.reset)
 .reset         0x100001e8       0x9c CMakeFiles/Semaforo.dir/C_/Users/Aulo/.pico-sdk/sdk/2.1.1/src/rp2_common/pico_crt0/crt0.S.obj
                0x100001e8                _entry_point
 *(.init)
 .init          0x10000284        0x4 C:/Users/Aulo/.pico-sdk/toolchain/14_2_Rel1/bin/../lib/gcc/arm-none-eabi/14.2.1/thumb/v6-m/nofp/crti.o
                0x10000284                _init
 *(EXCLUDE_FILE(*libm.a: *libc.a:*lib_a-mem*.o *libgcc.a:) .text*)
 .text.register_tm_clones
                0x10000288       0x28 C:/Users/Aulo/.pico-sdk/toolchain/14_2_Rel1/bin/../lib/gcc/arm-none-eabi/14.2.1/thumb/v6-m/nofp/crtbegin.o
 .text.frame_dummy
                0x100002b0       0x24 C:/Users/Aulo/.pico-sdk/toolchain/14_2_Rel1/bin/../lib/gcc/arm-none-eabi/14.2.1/thumb/v6-m/nofp/crtbegin.o
 .text.pwm_init
                0x100002d4       0x34 CMakeFiles/Semaforo.dir/Semaforo.c.obj
 .text.pwm_get_default_config
                0x10000308       0x18 CMakeFiles/Semaforo.dir/Semaforo.c.obj
 .text.pwm_set_chan_level
                0x10000320       0x38 CMakeFiles/Semaforo.dir/Semaforo.c.obj
 .text.pwm_set_gpio_level
                0x10000358       0x24 CMakeFiles/Semaforo.dir/Semaforo.c.obj
 .text.vTarefaContadorTempo
                0x1000037c       0x28 CMakeFiles/Semaforo.dir/Semaforo.c.obj
                0x1000037c                vTarefaContadorTempo
 .text.vTarefaControleSemaforo
                0x100003a4      0x1c0 CMakeFiles/Semaforo.dir/Semaforo.c.obj
                0x100003a4                vTarefaControleSemaforo
 .text.vTarefaControleDisplay
                0x10000564      0x160 CMakeFiles/Semaforo.dir/Semaforo.c.obj
                0x10000564                vTarefaControleDisplay
 .text.vTarefaControleMatriz
                0x100006c4      0x140 CMakeFiles/Semaforo.dir/Semaforo.c.obj
                0x100006c4                vTarefaControleMatriz
 .text.vTarefaMonitoramentoBotao
                0x10000804       0x74 CMakeFiles/Semaforo.dir/Semaforo.c.obj
                0x10000804                vTarefaMonitoramentoBotao
 .text.gpio_irq_handler
                0x10000878        0xa CMakeFiles/Semaforo.dir/Semaforo.c.obj
                0x10000878                gpio_irq_handler
 .text.inicializar_buzzer
                0x10000882       0x66 CMakeFiles/Semaforo.dir/Semaforo.c.obj
                0x10000882                inicializar_buzzer
 .text.ativar_buzzer
                0x100008e8        0xc CMakeFiles/Semaforo.dir/Semaforo.c.obj
                0x100008e8                ativar_buzzer
 .text.desativar_buzzer
                0x100008f4        0xa CMakeFiles/Semaforo.dir/Semaforo.c.obj
                0x100008f4                desativar_buzzer
 *fill*         0x100008fe        0x2 
 .text.vTarefaControleBuzzer
                0x10000900      0x1a8 CMakeFiles/Semaforo.dir/Semaforo.c.obj
                0x10000900                vTarefaControleBuzzer
 .text.main     0x10000aa8       0xb8 CMakeFiles/Semaforo.dir/Semaforo.c.obj
                0x10000aa8                main
 .text.ssd1306_init
                0x10000b60       0x2e CMakeFiles/Semaforo.dir/lib/ssd1306.c.obj
                0x10000b60                ssd1306_init
 .text.ssd1306_command
                0x10000b8e       0x1c CMakeFiles/Semaforo.dir/lib/ssd1306.c.obj
                0x10000b8e                ssd1306_command
 .text.ssd1306_config
                0x10000baa       0xcc CMakeFiles/Semaforo.dir/lib/ssd1306.c.obj
                0x10000baa                ssd1306_config
 .text.ssd1306_send_data
                0x10000c76       0x50 CMakeFiles/Semaforo.dir/lib/ssd1306.c.obj
                0x10000c76                ssd1306_send_data
 .text.ssd1306_pixel
                0x10000cc6       0x32 CMakeFiles/Semaforo.dir/lib/ssd1306.c.obj
                0x10000cc6                ssd1306_pixel
 .text.ssd1306_fill
                0x10000cf8       0x30 CMakeFiles/Semaforo.dir/lib/ssd1306.c.obj
                0x10000cf8                ssd1306_fill
 .text.ssd1306_draw_bitmap
                0x10000d28       0x8e CMakeFiles/Semaforo.dir/lib/ssd1306.c.obj
                0x10000d28                ssd1306_draw_bitmap
 *fill*         0x10000db6        0x2 
 .text.pwm_init
                0x10000db8       0x34 CMakeFiles/Semaforo.dir/lib/leds.c.obj
 .text.pwm_get_default_config
                0x10000dec       0x18 CMakeFiles/Semaforo.dir/lib/leds.c.obj
 .text.pwm_set_chan_level
                0x10000e04       0x38 CMakeFiles/Semaforo.dir/lib/leds.c.obj
 .text.acender_led_rgb
                0x10000e3c       0x4a CMakeFiles/Semaforo.dir/lib/leds.c.obj
                0x10000e3c                acender_led_rgb
 .text.acender_led_rgb_cor
                0x10000e86       0x16 CMakeFiles/Semaforo.dir/lib/leds.c.obj
                0x10000e86                acender_led_rgb_cor
 .text.turn_off_leds
                0x10000e9c       0x22 CMakeFiles/Semaforo.dir/lib/leds.c.obj
                0x10000e9c                turn_off_leds
 *fill*         0x10000ebe        0x2 
 .text.led_init
                0x10000ec0       0x74 CMakeFiles/Semaforo.dir/lib/leds.c.obj
                0x10000ec0                led_init
 .text.sm_config_set_clkdiv
                0x10000f34       0x44 CMakeFiles/Semaforo.dir/lib/matrizRGB.c.obj
 .text.pio_get_default_sm_config
                0x10000f78       0x28 CMakeFiles/Semaforo.dir/lib/matrizRGB.c.obj
 .text.ws2818b_program_get_default_config
                0x10000fa0       0x3c CMakeFiles/Semaforo.dir/lib/matrizRGB.c.obj
 .text.getIndex
                0x10000fdc       0x20 CMakeFiles/Semaforo.dir/lib/matrizRGB.c.obj
 .text.ws2818b_program_init
                0x10000ffc       0xc8 CMakeFiles/Semaforo.dir/lib/matrizRGB.c.obj
                0x10000ffc                ws2818b_program_init
 .text.npWrite  0x100010c4       0x6c CMakeFiles/Semaforo.dir/lib/matrizRGB.c.obj
                0x100010c4                npWrite
 .text.npClear  0x10001130       0x28 CMakeFiles/Semaforo.dir/lib/matrizRGB.c.obj
                0x10001130                npClear
 .text.npInit   0x10001158       0x6c CMakeFiles/Semaforo.dir/lib/matrizRGB.c.obj
                0x10001158                npInit
 .text.npSetMatrixWithIntensity
                0x100011c4       0xc8 CMakeFiles/Semaforo.dir/lib/matrizRGB.c.obj
                0x100011c4                npSetMatrixWithIntensity
 .text.rom_func_lookup
                0x1000128c       0x10 CMakeFiles/Semaforo.dir/C_/Users/Aulo/.pico-sdk/sdk/2.1.1/src/rp2_common/pico_bootrom/bootrom.c.obj
                0x1000128c                rom_func_lookup
 .text.rom_data_lookup
                0x1000129c       0x10 CMakeFiles/Semaforo.dir/C_/Users/Aulo/.pico-sdk/sdk/2.1.1/src/rp2_common/pico_bootrom/bootrom.c.obj
                0x1000129c                rom_data_lookup
 .text.rom_funcs_lookup
                0x100012ac       0x36 CMakeFiles/Semaforo.dir/C_/Users/Aulo/.pico-sdk/sdk/2.1.1/src/rp2_common/pico_bootrom/bootrom.c.obj
                0x100012ac                rom_funcs_lookup
 *fill*         0x100012e2        0x2 
 .text.rom_reset_usb_boot
                0x100012e4       0x18 CMakeFiles/Semaforo.dir/C_/Users/Aulo/.pico-sdk/sdk/2.1.1/src/rp2_common/pico_bootrom/bootrom.c.obj
                0x100012e4                rom_reset_usb_boot
 .text.rom_reset_usb_boot_extra
                0x100012fc       0x24 CMakeFiles/Semaforo.dir/C_/Users/Aulo/.pico-sdk/sdk/2.1.1/src/rp2_common/pico_bootrom/bootrom.c.obj
                0x100012fc                rom_reset_usb_boot_extra
 .text.rp2040_chip_version
                0x10001320       0x54 CMakeFiles/Semaforo.dir/C_/Users/Aulo/.pico-sdk/sdk/2.1.1/src/rp2040/pico_platform/platform.c.obj
                0x10001320                rp2040_chip_version
 .text.panic    0x10001374       0x30 CMakeFiles/Semaforo.dir/C_/Users/Aulo/.pico-sdk/sdk/2.1.1/src/rp2_common/pico_platform_panic/panic.c.obj
                0x10001374                panic
 .text.panic_unsupported
                0x100013a4        0xc CMakeFiles/Semaforo.dir/C_/Users/Aulo/.pico-sdk/sdk/2.1.1/src/rp2_common/pico_platform_panic/panic.c.obj
                0x100013a4                panic_unsupported
 .text.hw_claim_lock
                0x100013b0       0x18 CMakeFiles/Semaforo.dir/C_/Users/Aulo/.pico-sdk/sdk/2.1.1/src/common/hardware_claim/claim.c.obj
                0x100013b0                hw_claim_lock
 .text.hw_claim_unlock
                0x100013c8       0x14 CMakeFiles/Semaforo.dir/C_/Users/Aulo/.pico-sdk/sdk/2.1.1/src/common/hardware_claim/claim.c.obj
                0x100013c8                hw_claim_unlock
 .text.hw_claim_or_assert
                0x100013dc       0x32 CMakeFiles/Semaforo.dir/C_/Users/Aulo/.pico-sdk/sdk/2.1.1/src/common/hardware_claim/claim.c.obj
                0x100013dc                hw_claim_or_assert
 .text.hw_claim_unused_from_range
                0x1000140e       0x50 CMakeFiles/Semaforo.dir/C_/Users/Aulo/.pico-sdk/sdk/2.1.1/src/common/hardware_claim/claim.c.obj
                0x1000140e                hw_claim_unused_from_range
 *fill*         0x1000145e        0x2 
 .text.next_striped_spin_lock_num
                0x10001460       0x1c CMakeFiles/Semaforo.dir/C_/Users/Aulo/.pico-sdk/sdk/2.1.1/src/rp2_common/hardware_sync/sync.c.obj
                0x10001460                next_striped_spin_lock_num
 .text.spin_lock_claim_unused
                0x1000147c       0x24 CMakeFiles/Semaforo.dir/C_/Users/Aulo/.pico-sdk/sdk/2.1.1/src/rp2_common/hardware_sync/sync.c.obj
                0x1000147c                spin_lock_claim_unused
 .text.spin_locks_reset
                0x100014a0       0x20 CMakeFiles/Semaforo.dir/C_/Users/Aulo/.pico-sdk/sdk/2.1.1/src/rp2_common/hardware_sync_spin_lock/sync_spin_lock.c.obj
                0x100014a0                spin_locks_reset
 .text.ta_set_timeout
                0x100014c0       0x24 CMakeFiles/Semaforo.dir/C_/Users/Aulo/.pico-sdk/sdk/2.1.1/src/common/pico_time/time.c.obj
 .text.make_alarm_id
                0x100014e4        0x6 CMakeFiles/Semaforo.dir/C_/Users/Aulo/.pico-sdk/sdk/2.1.1/src/common/pico_time/time.c.obj
 *fill*         0x100014ea        0x2 
 .text.alarm_pool_irq_handler
                0x100014ec      0x2f0 CMakeFiles/Semaforo.dir/C_/Users/Aulo/.pico-sdk/sdk/2.1.1/src/common/pico_time/time.c.obj
 .text.ta_enable_irq_handler
                0x100017dc       0x2c CMakeFiles/Semaforo.dir/C_/Users/Aulo/.pico-sdk/sdk/2.1.1/src/common/pico_time/time.c.obj
 .text.alarm_pool_post_alloc_init
                0x10001808       0x78 CMakeFiles/Semaforo.dir/C_/Users/Aulo/.pico-sdk/sdk/2.1.1/src/common/pico_time/time.c.obj
 .text.sleep_until_callback
                0x10001880       0x28 CMakeFiles/Semaforo.dir/C_/Users/Aulo/.pico-sdk/sdk/2.1.1/src/common/pico_time/time.c.obj
 .text.alarm_pool_get_default
                0x100018a8       0x2c CMakeFiles/Semaforo.dir/C_/Users/Aulo/.pico-sdk/sdk/2.1.1/src/common/pico_time/time.c.obj
                0x100018a8                alarm_pool_get_default
 .text.alarm_pool_add_alarm_at_force_in_context
                0x100018d4       0xa4 CMakeFiles/Semaforo.dir/C_/Users/Aulo/.pico-sdk/sdk/2.1.1/src/common/pico_time/time.c.obj
                0x100018d4                alarm_pool_add_alarm_at_force_in_context
 .text.alarm_pool_add_alarm_at
                0x10001978       0x3c CMakeFiles/Semaforo.dir/C_/Users/Aulo/.pico-sdk/sdk/2.1.1/src/common/pico_time/time.c.obj
                0x10001978                alarm_pool_add_alarm_at
 .text.add_alarm_at
                0x100019b4       0x2e CMakeFiles/Semaforo.dir/C_/Users/Aulo/.pico-sdk/sdk/2.1.1/src/common/pico_time/time.c.obj
 *fill*         0x100019e2        0x2 
 .text.alarm_pool_cancel_alarm
                0x100019e4       0x78 CMakeFiles/Semaforo.dir/C_/Users/Aulo/.pico-sdk/sdk/2.1.1/src/common/pico_time/time.c.obj
                0x100019e4                alarm_pool_cancel_alarm
 .text.cancel_alarm
                0x10001a5c       0x10 CMakeFiles/Semaforo.dir/C_/Users/Aulo/.pico-sdk/sdk/2.1.1/src/common/pico_time/time.c.obj
 .text.alarm_pool_core_num
                0x10001a6c        0x4 CMakeFiles/Semaforo.dir/C_/Users/Aulo/.pico-sdk/sdk/2.1.1/src/common/pico_time/time.c.obj
                0x10001a6c                alarm_pool_core_num
 .text.best_effort_wfe_or_timeout
                0x10001a70      0x11c CMakeFiles/Semaforo.dir/C_/Users/Aulo/.pico-sdk/sdk/2.1.1/src/common/pico_time/time.c.obj
                0x10001a70                best_effort_wfe_or_timeout
 .text.alarm_pool_get_default_timer
                0x10001b8c        0x8 CMakeFiles/Semaforo.dir/C_/Users/Aulo/.pico-sdk/sdk/2.1.1/src/common/pico_time/time.c.obj
                0x10001b8c                alarm_pool_get_default_timer
 .text.runtime_init_default_alarm_pool
                0x10001b94       0x38 CMakeFiles/Semaforo.dir/C_/Users/Aulo/.pico-sdk/sdk/2.1.1/src/common/pico_time/time.c.obj
                0x10001b94                runtime_init_default_alarm_pool
 .text.timer_hardware_alarm_claim
                0x10001bcc       0x14 CMakeFiles/Semaforo.dir/C_/Users/Aulo/.pico-sdk/sdk/2.1.1/src/rp2_common/hardware_timer/timer.c.obj
                0x10001bcc                timer_hardware_alarm_claim
 .text.timer_time_us_64
                0x10001be0       0x10 CMakeFiles/Semaforo.dir/C_/Users/Aulo/.pico-sdk/sdk/2.1.1/src/rp2_common/hardware_timer/timer.c.obj
                0x10001be0                timer_time_us_64
 .text.time_us_64
                0x10001bf0       0x10 CMakeFiles/Semaforo.dir/C_/Users/Aulo/.pico-sdk/sdk/2.1.1/src/rp2_common/hardware_timer/timer.c.obj
                0x10001bf0                time_us_64
 .text.set_raw_irq_handler_and_unlock
                0x10001c00       0x28 CMakeFiles/Semaforo.dir/C_/Users/Aulo/.pico-sdk/sdk/2.1.1/src/rp2_common/hardware_irq/irq.c.obj
 .text.nvic_ipr0
                0x10001c28        0x8 CMakeFiles/Semaforo.dir/C_/Users/Aulo/.pico-sdk/sdk/2.1.1/src/rp2_common/hardware_irq/irq.c.obj
 .text.runtime_init_per_core_irq_priorities
                0x10001c30       0x1c CMakeFiles/Semaforo.dir/C_/Users/Aulo/.pico-sdk/sdk/2.1.1/src/rp2_common/hardware_irq/irq.c.obj
                0x10001c30                runtime_init_per_core_irq_priorities
 .text.resolve_j_16
                0x10001c4c       0x30 CMakeFiles/Semaforo.dir/C_/Users/Aulo/.pico-sdk/sdk/2.1.1/src/rp2_common/hardware_irq/irq.c.obj
 .text.make_j_16
                0x10001c7c       0x48 CMakeFiles/Semaforo.dir/C_/Users/Aulo/.pico-sdk/sdk/2.1.1/src/rp2_common/hardware_irq/irq.c.obj
 .text.insert_bl_32
                0x10001cc4       0x40 CMakeFiles/Semaforo.dir/C_/Users/Aulo/.pico-sdk/sdk/2.1.1/src/rp2_common/hardware_irq/irq.c.obj
 .text.irq_is_enabled
                0x10001d04       0x18 CMakeFiles/Semaforo.dir/C_/Users/Aulo/.pico-sdk/sdk/2.1.1/src/rp2_common/hardware_irq/irq.c.obj
                0x10001d04                irq_is_enabled
 .text.irq_set_mask_n_enabled
                0x10001d1c       0x1c CMakeFiles/Semaforo.dir/C_/Users/Aulo/.pico-sdk/sdk/2.1.1/src/rp2_common/hardware_irq/irq.c.obj
                0x10001d1c                irq_set_mask_n_enabled
 .text.irq_set_enabled
                0x10001d38       0x14 CMakeFiles/Semaforo.dir/C_/Users/Aulo/.pico-sdk/sdk/2.1.1/src/rp2_common/hardware_irq/irq.c.obj
                0x10001d38                irq_set_enabled
 .text.irq_set_pending
                0x10001d4c       0x10 CMakeFiles/Semaforo.dir/C_/Users/Aulo/.pico-sdk/sdk/2.1.1/src/rp2_common/hardware_irq/irq.c.obj
                0x10001d4c                irq_set_pending
 .text.irq_get_vtable_handler
                0x10001d5c       0x10 CMakeFiles/Semaforo.dir/C_/Users/Aulo/.pico-sdk/sdk/2.1.1/src/rp2_common/hardware_irq/irq.c.obj
                0x10001d5c                irq_get_vtable_handler
 .text.irq_has_handler
                0x10001d6c       0x20 CMakeFiles/Semaforo.dir/C_/Users/Aulo/.pico-sdk/sdk/2.1.1/src/rp2_common/hardware_irq/irq.c.obj
                0x10001d6c                irq_has_handler
 .text.irq_has_shared_handler
                0x10001d8c       0x1c CMakeFiles/Semaforo.dir/C_/Users/Aulo/.pico-sdk/sdk/2.1.1/src/rp2_common/hardware_irq/irq.c.obj
                0x10001d8c                irq_has_shared_handler
 .text.irq_set_exclusive_handler
                0x10001da8       0x54 CMakeFiles/Semaforo.dir/C_/Users/Aulo/.pico-sdk/sdk/2.1.1/src/rp2_common/hardware_irq/irq.c.obj
                0x10001da8                irq_set_exclusive_handler
 .text.irq_add_shared_handler
                0x10001dfc      0x218 CMakeFiles/Semaforo.dir/C_/Users/Aulo/.pico-sdk/sdk/2.1.1/src/rp2_common/hardware_irq/irq.c.obj
                0x10001dfc                irq_add_shared_handler
 .text.irq_remove_handler
                0x10002014      0x18c CMakeFiles/Semaforo.dir/C_/Users/Aulo/.pico-sdk/sdk/2.1.1/src/rp2_common/hardware_irq/irq.c.obj
                0x10002014                irq_remove_handler
 .text.irq_set_priority
                0x100021a0       0x26 CMakeFiles/Semaforo.dir/C_/Users/Aulo/.pico-sdk/sdk/2.1.1/src/rp2_common/hardware_irq/irq.c.obj
                0x100021a0                irq_set_priority
 *fill*         0x100021c6        0x2 
 .text.irq_add_tail_to_free_list
                0x100021c8       0xf0 CMakeFiles/Semaforo.dir/C_/Users/Aulo/.pico-sdk/sdk/2.1.1/src/rp2_common/hardware_irq/irq.c.obj
                0x100021c8                irq_add_tail_to_free_list
 .text.user_irq_claim_unused
                0x100022b8       0x2c CMakeFiles/Semaforo.dir/C_/Users/Aulo/.pico-sdk/sdk/2.1.1/src/rp2_common/hardware_irq/irq.c.obj
                0x100022b8                user_irq_claim_unused
 .text.lock_init
                0x100022e4       0x10 CMakeFiles/Semaforo.dir/C_/Users/Aulo/.pico-sdk/sdk/2.1.1/src/common/pico_sync/lock_core.c.obj
                0x100022e4                lock_init
 .text.mutex_init
                0x100022f4       0x1c CMakeFiles/Semaforo.dir/C_/Users/Aulo/.pico-sdk/sdk/2.1.1/src/common/pico_sync/mutex.c.obj
                0x100022f4                mutex_init
 .text.recursive_mutex_init
                0x10002310       0x20 CMakeFiles/Semaforo.dir/C_/Users/Aulo/.pico-sdk/sdk/2.1.1/src/common/pico_sync/mutex.c.obj
                0x10002310                recursive_mutex_init
 .text.runtime_init_mutex
                0x10002330       0x4c CMakeFiles/Semaforo.dir/C_/Users/Aulo/.pico-sdk/sdk/2.1.1/src/common/pico_sync/mutex.c.obj
                0x10002330                runtime_init_mutex
 .text.critical_section_init_with_lock_num
                0x1000237c       0x14 CMakeFiles/Semaforo.dir/C_/Users/Aulo/.pico-sdk/sdk/2.1.1/src/common/pico_sync/critical_section.c.obj
                0x1000237c                critical_section_init_with_lock_num
 .text.critical_section_init
                0x10002390       0x14 CMakeFiles/Semaforo.dir/C_/Users/Aulo/.pico-sdk/sdk/2.1.1/src/common/pico_sync/critical_section.c.obj
                0x10002390                critical_section_init
 .text.gpio_set_function
                0x100023a4       0x34 CMakeFiles/Semaforo.dir/C_/Users/Aulo/.pico-sdk/sdk/2.1.1/src/rp2_common/hardware_gpio/gpio.c.obj
                0x100023a4                gpio_set_function
 .text.gpio_set_pulls
                0x100023d8       0x38 CMakeFiles/Semaforo.dir/C_/Users/Aulo/.pico-sdk/sdk/2.1.1/src/rp2_common/hardware_gpio/gpio.c.obj
                0x100023d8                gpio_set_pulls
 .text.gpio_set_irq_callback
                0x10002410       0x48 CMakeFiles/Semaforo.dir/C_/Users/Aulo/.pico-sdk/sdk/2.1.1/src/rp2_common/hardware_gpio/gpio.c.obj
                0x10002410                gpio_set_irq_callback
 .text.gpio_acknowledge_irq
                0x10002458       0x18 CMakeFiles/Semaforo.dir/C_/Users/Aulo/.pico-sdk/sdk/2.1.1/src/rp2_common/hardware_gpio/gpio.c.obj
                0x10002458                gpio_acknowledge_irq
 .text._gpio_set_irq_enabled
                0x10002470       0x38 CMakeFiles/Semaforo.dir/C_/Users/Aulo/.pico-sdk/sdk/2.1.1/src/rp2_common/hardware_gpio/gpio.c.obj
 .text.gpio_set_irq_enabled
                0x100024a8       0x50 CMakeFiles/Semaforo.dir/C_/Users/Aulo/.pico-sdk/sdk/2.1.1/src/rp2_common/hardware_gpio/gpio.c.obj
                0x100024a8                gpio_set_irq_enabled
 .text.gpio_set_irq_enabled_with_callback
                0x100024f8       0x28 CMakeFiles/Semaforo.dir/C_/Users/Aulo/.pico-sdk/sdk/2.1.1/src/rp2_common/hardware_gpio/gpio.c.obj
                0x100024f8                gpio_set_irq_enabled_with_callback
 .text.gpio_default_irq_handler
                0x10002520       0xa0 CMakeFiles/Semaforo.dir/C_/Users/Aulo/.pico-sdk/sdk/2.1.1/src/rp2_common/hardware_gpio/gpio.c.obj
 .text.gpio_init
                0x100025c0       0x16 CMakeFiles/Semaforo.dir/C_/Users/Aulo/.pico-sdk/sdk/2.1.1/src/rp2_common/hardware_gpio/gpio.c.obj
                0x100025c0                gpio_init
 *fill*         0x100025d6        0x2 
 .text.clock_configure_internal
                0x100025d8       0xc4 CMakeFiles/Semaforo.dir/C_/Users/Aulo/.pico-sdk/sdk/2.1.1/src/rp2_common/hardware_clocks/clocks.c.obj
 .text.clock_configure_int_divider
                0x1000269c       0x28 CMakeFiles/Semaforo.dir/C_/Users/Aulo/.pico-sdk/sdk/2.1.1/src/rp2_common/hardware_clocks/clocks.c.obj
                0x1000269c                clock_configure_int_divider
 .text.clock_configure_undivided
                0x100026c4       0x12 CMakeFiles/Semaforo.dir/C_/Users/Aulo/.pico-sdk/sdk/2.1.1/src/rp2_common/hardware_clocks/clocks.c.obj
                0x100026c4                clock_configure_undivided
 *fill*         0x100026d6        0x2 
 .text.clock_get_hz
                0x100026d8        0xc CMakeFiles/Semaforo.dir/C_/Users/Aulo/.pico-sdk/sdk/2.1.1/src/rp2_common/hardware_clocks/clocks.c.obj
                0x100026d8                clock_get_hz
 .text.pll_init
                0x100026e4      0x124 CMakeFiles/Semaforo.dir/C_/Users/Aulo/.pico-sdk/sdk/2.1.1/src/rp2_common/hardware_pll/pll.c.obj
                0x100026e4                pll_init
 .text.watchdog_update
                0x10002808       0x14 CMakeFiles/Semaforo.dir/C_/Users/Aulo/.pico-sdk/sdk/2.1.1/src/rp2_common/hardware_watchdog/watchdog.c.obj
                0x10002808                watchdog_update
 .text._watchdog_enable
                0x1000281c       0x7c CMakeFiles/Semaforo.dir/C_/Users/Aulo/.pico-sdk/sdk/2.1.1/src/rp2_common/hardware_watchdog/watchdog.c.obj
                0x1000281c                _watchdog_enable
 .text.watchdog_reboot
                0x10002898       0x48 CMakeFiles/Semaforo.dir/C_/Users/Aulo/.pico-sdk/sdk/2.1.1/src/rp2_common/hardware_watchdog/watchdog.c.obj
                0x10002898                watchdog_reboot
 .text.tick_start
                0x100028e0       0x10 CMakeFiles/Semaforo.dir/C_/Users/Aulo/.pico-sdk/sdk/2.1.1/src/rp2_common/hardware_ticks/ticks.c.obj
                0x100028e0                tick_start
 .text.xosc_init
                0x100028f0       0x2c CMakeFiles/Semaforo.dir/C_/Users/Aulo/.pico-sdk/sdk/2.1.1/src/rp2_common/hardware_xosc/xosc.c.obj
                0x100028f0                xosc_init
 .text.runtime_run_initializers_from
                0x1000291c       0x18 CMakeFiles/Semaforo.dir/C_/Users/Aulo/.pico-sdk/sdk/2.1.1/src/rp2_common/pico_runtime/runtime.c.obj
 .text.first_per_core_initializer
                0x10002934        0x2 CMakeFiles/Semaforo.dir/C_/Users/Aulo/.pico-sdk/sdk/2.1.1/src/rp2_common/pico_runtime/runtime.c.obj
 *fill*         0x10002936        0x2 
 .text.runtime_run_initializers
                0x10002938       0x10 CMakeFiles/Semaforo.dir/C_/Users/Aulo/.pico-sdk/sdk/2.1.1/src/rp2_common/pico_runtime/runtime.c.obj
                0x10002938                runtime_run_initializers
 .text.runtime_init_early_resets
                0x10002948       0x2c CMakeFiles/Semaforo.dir/C_/Users/Aulo/.pico-sdk/sdk/2.1.1/src/rp2_common/pico_runtime_init/runtime_init.c.obj
                0x10002948                runtime_init_early_resets
 .text.runtime_init_usb_power_down
                0x10002974       0x1c CMakeFiles/Semaforo.dir/C_/Users/Aulo/.pico-sdk/sdk/2.1.1/src/rp2_common/pico_runtime_init/runtime_init.c.obj
                0x10002974                runtime_init_usb_power_down
 .text.runtime_init_post_clock_resets
                0x10002990       0x20 CMakeFiles/Semaforo.dir/C_/Users/Aulo/.pico-sdk/sdk/2.1.1/src/rp2_common/pico_runtime_init/runtime_init.c.obj
                0x10002990                runtime_init_post_clock_resets
 .text.runtime_init_rp2040_gpio_ie_disable
                0x100029b0       0x14 CMakeFiles/Semaforo.dir/C_/Users/Aulo/.pico-sdk/sdk/2.1.1/src/rp2_common/pico_runtime_init/runtime_init.c.obj
                0x100029b0                runtime_init_rp2040_gpio_ie_disable
 .text.runtime_init_spin_locks_reset
                0x100029c4        0x8 CMakeFiles/Semaforo.dir/C_/Users/Aulo/.pico-sdk/sdk/2.1.1/src/rp2_common/pico_runtime_init/runtime_init.c.obj
                0x100029c4                runtime_init_spin_locks_reset
 .text.runtime_init_install_ram_vector_table
                0x100029cc       0x1c CMakeFiles/Semaforo.dir/C_/Users/Aulo/.pico-sdk/sdk/2.1.1/src/rp2_common/pico_runtime_init/runtime_init.c.obj
                0x100029cc                runtime_init_install_ram_vector_table
 .text.start_all_ticks
                0x100029e8       0x28 CMakeFiles/Semaforo.dir/C_/Users/Aulo/.pico-sdk/sdk/2.1.1/src/rp2_common/pico_runtime_init/runtime_init_clocks.c.obj
 .text.runtime_init_clocks
                0x10002a10       0xcc CMakeFiles/Semaforo.dir/C_/Users/Aulo/.pico-sdk/sdk/2.1.1/src/rp2_common/pico_runtime_init/runtime_init_clocks.c.obj
                0x10002a10                runtime_init_clocks
 .text          0x10002adc       0x10 CMakeFiles/Semaforo.dir/C_/Users/Aulo/.pico-sdk/sdk/2.1.1/src/rp2_common/pico_bit_ops/bit_ops_aeabi.S.obj
 .text.__wrap___aeabi_idiv
                0x10002aec       0x50 CMakeFiles/Semaforo.dir/C_/Users/Aulo/.pico-sdk/sdk/2.1.1/src/rp2_common/pico_divider/divider_hardware.S.obj
                0x10002aec                __wrap___aeabi_idivmod
                0x10002aec                divmod_s32s32
                0x10002aec                div_s32s32
                0x10002aec                __wrap___aeabi_idiv
                0x10002af4                divmod_s32s32_unsafe
                0x10002b20                divmod_s32s32_savestate
 .text.__wrap___aeabi_uidiv
                0x10002b3c       0x4c CMakeFiles/Semaforo.dir/C_/Users/Aulo/.pico-sdk/sdk/2.1.1/src/rp2_common/pico_divider/divider_hardware.S.obj
                0x10002b3c                __wrap___aeabi_uidiv
                0x10002b3c                __wrap___aeabi_uidivmod
                0x10002b3c                div_u32u32
                0x10002b3c                divmod_u32u32
                0x10002b44                divmod_u32u32_unsafe
                0x10002b6c                divmod_u32u32_savestate
 .text.__wrap___aeabi_ldiv
                0x10002b88      0x424 CMakeFiles/Semaforo.dir/C_/Users/Aulo/.pico-sdk/sdk/2.1.1/src/rp2_common/pico_divider/divider_hardware.S.obj
                0x10002b88                div_s64s64
                0x10002b88                divmod_s64s64
                0x10002b88                __wrap___aeabi_ldivmod
                0x10002bb8                divmod_u64u64
                0x10002bb8                div_u64u64
                0x10002bb8                __wrap___aeabi_uldivmod
                0x10002bc8                divmod_u64u64_savestate
                0x10002be8                divmod_s64s64_unsafe
                0x10002c70                divmod_u64u64_unsafe
 .text.__wrap___aeabi_darithmetic
                0x10002fac       0x60 CMakeFiles/Semaforo.dir/C_/Users/Aulo/.pico-sdk/sdk/2.1.1/src/rp2_common/pico_double/double_aeabi_rp2040.S.obj
                0x10002fac                __wrap___aeabi_drsub
                0x10002fb2                __wrap___aeabi_dsub
                0x10002fbc                __wrap___aeabi_dadd
                0x10002fc6                __wrap___aeabi_ddiv
                0x10002ffa                __wrap___aeabi_dmul
 .text.__wrap___aeabi_cdcmple
                0x1000300c       0x6c CMakeFiles/Semaforo.dir/C_/Users/Aulo/.pico-sdk/sdk/2.1.1/src/rp2_common/pico_double/double_aeabi_rp2040.S.obj
                0x1000300c                __wrap___aeabi_cdrcmple
                0x1000301c                __wrap___aeabi_cdcmpeq
                0x1000301c                __wrap___aeabi_cdcmple
 .text.__wrap___aeabi_dcmplt
                0x10003078        0xc CMakeFiles/Semaforo.dir/C_/Users/Aulo/.pico-sdk/sdk/2.1.1/src/rp2_common/pico_double/double_aeabi_rp2040.S.obj
                0x10003078                __wrap___aeabi_dcmplt
 .text.__wrap___aeabi_dcmple
                0x10003084       0x10 CMakeFiles/Semaforo.dir/C_/Users/Aulo/.pico-sdk/sdk/2.1.1/src/rp2_common/pico_double/double_aeabi_rp2040.S.obj
                0x10003084                __wrap___aeabi_dcmple
 .text.__wrap___aeabi_dcmpge
                0x10003094       0x10 CMakeFiles/Semaforo.dir/C_/Users/Aulo/.pico-sdk/sdk/2.1.1/src/rp2_common/pico_double/double_aeabi_rp2040.S.obj
                0x10003094                __wrap___aeabi_dcmpge
 .text.__wrap___aeabi_dcmpgt
                0x100030a4        0xa CMakeFiles/Semaforo.dir/C_/Users/Aulo/.pico-sdk/sdk/2.1.1/src/rp2_common/pico_double/double_aeabi_rp2040.S.obj
                0x100030a4                __wrap___aeabi_dcmpgt
 .text.__wrap___aeabi_dcmpun
                0x100030ae       0x18 CMakeFiles/Semaforo.dir/C_/Users/Aulo/.pico-sdk/sdk/2.1.1/src/rp2_common/pico_double/double_aeabi_rp2040.S.obj
                0x100030ae                __wrap___aeabi_dcmpun
 *fill*         0x100030c6        0x2 
 .text.__wrap___aeabi_i2d
                0x100030c8       0x38 CMakeFiles/Semaforo.dir/C_/Users/Aulo/.pico-sdk/sdk/2.1.1/src/rp2_common/pico_double/double_aeabi_rp2040.S.obj
                0x100030c8                uint2double
                0x100030c8                __wrap___aeabi_ui2d
                0x100030d0                int2double
                0x100030d0                __wrap___aeabi_i2d
 .text.__wrap___aeabi_d2iz
                0x10003100       0x48 CMakeFiles/Semaforo.dir/C_/Users/Aulo/.pico-sdk/sdk/2.1.1/src/rp2_common/pico_double/double_aeabi_rp2040.S.obj
                0x10003100                double2int_z
                0x10003100                __wrap___aeabi_d2iz
 .text.__wrap___aeabi_d2uiz
                0x10003148       0x10 CMakeFiles/Semaforo.dir/C_/Users/Aulo/.pico-sdk/sdk/2.1.1/src/rp2_common/pico_double/double_aeabi_rp2040.S.obj
                0x10003148                double2uint
                0x10003148                __wrap___aeabi_d2uiz
                0x10003148                double2uint_z
 .text.missing_double_func_shim
                0x10003158        0xc CMakeFiles/Semaforo.dir/C_/Users/Aulo/.pico-sdk/sdk/2.1.1/src/rp2_common/pico_double/double_init_rom_rp2040.c.obj
 .text.__aeabi_double_init
                0x10003164       0xd0 CMakeFiles/Semaforo.dir/C_/Users/Aulo/.pico-sdk/sdk/2.1.1/src/rp2_common/pico_double/double_init_rom_rp2040.c.obj
                0x10003164                __aeabi_double_init
 .text.double_table_shim_on_use_helper
                0x10003234       0x34 CMakeFiles/Semaforo.dir/C_/Users/Aulo/.pico-sdk/sdk/2.1.1/src/rp2_common/pico_double/double_v1_rom_shim_rp2040.S.obj
                0x10003234                double_table_shim_on_use_helper
 .text.__aeabi_lmul
                0x10003268       0x32 CMakeFiles/Semaforo.dir/C_/Users/Aulo/.pico-sdk/sdk/2.1.1/src/rp2_common/pico_int64_ops/pico_int64_ops_aeabi.S.obj
                0x10003268                __wrap___aeabi_lmul
 *fill*         0x1000329a        0x2 
 .text.__wrap___aeabi_farithmetic
                0x1000329c       0x48 CMakeFiles/Semaforo.dir/C_/Users/Aulo/.pico-sdk/sdk/2.1.1/src/rp2_common/pico_float/float_aeabi_rp2040.S.obj
                0x1000329c                __wrap___aeabi_frsub
                0x100032a2                __wrap___aeabi_fsub
                0x100032a8                __wrap___aeabi_fadd
                0x100032ae                __wrap___aeabi_fdiv
                0x100032d6                __wrap___aeabi_fmul
 .text.__wrap___aeabi_cfcmple
                0x100032e4       0x50 CMakeFiles/Semaforo.dir/C_/Users/Aulo/.pico-sdk/sdk/2.1.1/src/rp2_common/pico_float/float_aeabi_rp2040.S.obj
                0x100032e4                __wrap___aeabi_cfrcmple
                0x100032f0                __wrap___aeabi_cfcmple
                0x100032f0                __wrap___aeabi_cfcmpeq
 .text.__wrap___aeabi_fcmplt
                0x10003334        0xc CMakeFiles/Semaforo.dir/C_/Users/Aulo/.pico-sdk/sdk/2.1.1/src/rp2_common/pico_float/float_aeabi_rp2040.S.obj
                0x10003334                __wrap___aeabi_fcmplt
 .text.__wrap___aeabi_fcmpgt
                0x10003340        0xa CMakeFiles/Semaforo.dir/C_/Users/Aulo/.pico-sdk/sdk/2.1.1/src/rp2_common/pico_float/float_aeabi_rp2040.S.obj
                0x10003340                __wrap___aeabi_fcmpgt
 .text.__wrap___aeabi_ui2f
                0x1000334a        0xa CMakeFiles/Semaforo.dir/C_/Users/Aulo/.pico-sdk/sdk/2.1.1/src/rp2_common/pico_float/float_aeabi_rp2040.S.obj
                0x1000334a                __wrap___aeabi_ui2f
                0x1000334a                uint2float
 .text.__wrap___aeabi_i2f
                0x10003354       0x44 CMakeFiles/Semaforo.dir/C_/Users/Aulo/.pico-sdk/sdk/2.1.1/src/rp2_common/pico_float/float_aeabi_rp2040.S.obj
                0x10003354                __wrap___aeabi_i2f
                0x10003354                int2float
 .text.__wrap___aeabi_f2uiz
                0x10003398        0xc CMakeFiles/Semaforo.dir/C_/Users/Aulo/.pico-sdk/sdk/2.1.1/src/rp2_common/pico_float/float_aeabi_rp2040.S.obj
                0x10003398                float2uint_z
                0x10003398                __wrap___aeabi_f2uiz
                0x10003398                float2uint
 .text.missing_float_func_shim
                0x100033a4        0xc CMakeFiles/Semaforo.dir/C_/Users/Aulo/.pico-sdk/sdk/2.1.1/src/rp2_common/pico_float/float_init_rom_rp2040.c.obj
 .text.__aeabi_float_init
                0x100033b0       0x88 CMakeFiles/Semaforo.dir/C_/Users/Aulo/.pico-sdk/sdk/2.1.1/src/rp2_common/pico_float/float_init_rom_rp2040.c.obj
                0x100033b0                __aeabi_float_init
 .text.check_alloc
                0x10003438       0x20 CMakeFiles/Semaforo.dir/C_/Users/Aulo/.pico-sdk/sdk/2.1.1/src/rp2_common/pico_malloc/malloc.c.obj
 .text.__wrap_calloc
                0x10003458       0x30 CMakeFiles/Semaforo.dir/C_/Users/Aulo/.pico-sdk/sdk/2.1.1/src/rp2_common/pico_malloc/malloc.c.obj
                0x10003458                __wrap_calloc
 .text          0x10003488       0x10 CMakeFiles/Semaforo.dir/C_/Users/Aulo/.pico-sdk/sdk/2.1.1/src/rp2_common/pico_mem_ops/mem_ops_aeabi.S.obj
                0x10003488                __aeabi_mem_init
 .text.memset   0x10003498        0xc CMakeFiles/Semaforo.dir/C_/Users/Aulo/.pico-sdk/sdk/2.1.1/src/rp2_common/pico_mem_ops/mem_ops_aeabi.S.obj
                0x10003498                __wrap_memset
 .text.memcpy   0x100034a4        0xc CMakeFiles/Semaforo.dir/C_/Users/Aulo/.pico-sdk/sdk/2.1.1/src/rp2_common/pico_mem_ops/mem_ops_aeabi.S.obj
                0x100034a4                __wrap_memcpy
                0x100034a4                __wrap___aeabi_memcpy
 .text._out_null
                0x100034b0        0x2 CMakeFiles/Semaforo.dir/C_/Users/Aulo/.pico-sdk/sdk/2.1.1/src/rp2_common/pico_printf/printf.c.obj
 .text._out_fct
                0x100034b2        0xe CMakeFiles/Semaforo.dir/C_/Users/Aulo/.pico-sdk/sdk/2.1.1/src/rp2_common/pico_printf/printf.c.obj
 .text._atoi    0x100034c0       0x24 CMakeFiles/Semaforo.dir/C_/Users/Aulo/.pico-sdk/sdk/2.1.1/src/rp2_common/pico_printf/printf.c.obj
 .text._out_rev
                0x100034e4       0xb0 CMakeFiles/Semaforo.dir/C_/Users/Aulo/.pico-sdk/sdk/2.1.1/src/rp2_common/pico_printf/printf.c.obj
 .text._ntoa_format
                0x10003594      0x10e CMakeFiles/Semaforo.dir/C_/Users/Aulo/.pico-sdk/sdk/2.1.1/src/rp2_common/pico_printf/printf.c.obj
 .text._ntoa_long
                0x100036a2       0xbc CMakeFiles/Semaforo.dir/C_/Users/Aulo/.pico-sdk/sdk/2.1.1/src/rp2_common/pico_printf/printf.c.obj
 .text._ntoa_long_long
                0x1000375e      0x10e CMakeFiles/Semaforo.dir/C_/Users/Aulo/.pico-sdk/sdk/2.1.1/src/rp2_common/pico_printf/printf.c.obj
 .text._etoa    0x1000386c      0x424 CMakeFiles/Semaforo.dir/C_/Users/Aulo/.pico-sdk/sdk/2.1.1/src/rp2_common/pico_printf/printf.c.obj
 .text._ftoa    0x10003c90      0x348 CMakeFiles/Semaforo.dir/C_/Users/Aulo/.pico-sdk/sdk/2.1.1/src/rp2_common/pico_printf/printf.c.obj
 .text._vsnprintf
                0x10003fd8      0x6a4 CMakeFiles/Semaforo.dir/C_/Users/Aulo/.pico-sdk/sdk/2.1.1/src/rp2_common/pico_printf/printf.c.obj
 .text.vfctprintf
                0x1000467c       0x24 CMakeFiles/Semaforo.dir/C_/Users/Aulo/.pico-sdk/sdk/2.1.1/src/rp2_common/pico_printf/printf.c.obj
                0x1000467c                vfctprintf
 .text._exit    0x100046a0        0x4 CMakeFiles/Semaforo.dir/C_/Users/Aulo/.pico-sdk/sdk/2.1.1/src/rp2_common/pico_clib_interface/newlib_interface.c.obj
                0x100046a0                _exit
 .text._sbrk    0x100046a4       0x38 CMakeFiles/Semaforo.dir/C_/Users/Aulo/.pico-sdk/sdk/2.1.1/src/rp2_common/pico_clib_interface/newlib_interface.c.obj
                0x100046a4                _sbrk
 .text.exit     0x100046dc        0x6 CMakeFiles/Semaforo.dir/C_/Users/Aulo/.pico-sdk/sdk/2.1.1/src/rp2_common/pico_clib_interface/newlib_interface.c.obj
                0x100046dc                exit
 *fill*         0x100046e2        0x2 
 .text.__assert_func
                0x100046e4       0x38 CMakeFiles/Semaforo.dir/C_/Users/Aulo/.pico-sdk/sdk/2.1.1/src/rp2_common/pico_clib_interface/newlib_interface.c.obj
                0x100046e4                __assert_func
 .text.runtime_init
                0x1000471c       0x28 CMakeFiles/Semaforo.dir/C_/Users/Aulo/.pico-sdk/sdk/2.1.1/src/rp2_common/pico_clib_interface/newlib_interface.c.obj
                0x1000471c                runtime_init
 .text.stdio_out_chars_no_crlf
                0x10004744        0xe CMakeFiles/Semaforo.dir/C_/Users/Aulo/.pico-sdk/sdk/2.1.1/src/rp2_common/pico_stdio/stdio.c.obj
 *fill*         0x10004752        0x2 
 .text.stdio_out_chars_crlf
                0x10004754       0x80 CMakeFiles/Semaforo.dir/C_/Users/Aulo/.pico-sdk/sdk/2.1.1/src/rp2_common/pico_stdio/stdio.c.obj
 .text.stdio_stack_buffer_flush
                0x100047d4       0x44 CMakeFiles/Semaforo.dir/C_/Users/Aulo/.pico-sdk/sdk/2.1.1/src/rp2_common/pico_stdio/stdio.c.obj
 .text.stdio_buffered_printer
                0x10004818       0x20 CMakeFiles/Semaforo.dir/C_/Users/Aulo/.pico-sdk/sdk/2.1.1/src/rp2_common/pico_stdio/stdio.c.obj
 .text.stdout_serialize_begin
                0x10004838       0x30 CMakeFiles/Semaforo.dir/C_/Users/Aulo/.pico-sdk/sdk/2.1.1/src/rp2_common/pico_stdio/stdio.c.obj
                0x10004838                stdout_serialize_begin
 .text.stdout_serialize_end
                0x10004868       0x10 CMakeFiles/Semaforo.dir/C_/Users/Aulo/.pico-sdk/sdk/2.1.1/src/rp2_common/pico_stdio/stdio.c.obj
                0x10004868                stdout_serialize_end
 .text.stdio_put_string
                0x10004878       0x94 CMakeFiles/Semaforo.dir/C_/Users/Aulo/.pico-sdk/sdk/2.1.1/src/rp2_common/pico_stdio/stdio.c.obj
                0x10004878                stdio_put_string
 .text.stdio_set_driver_enabled
                0x1000490c       0x30 CMakeFiles/Semaforo.dir/C_/Users/Aulo/.pico-sdk/sdk/2.1.1/src/rp2_common/pico_stdio/stdio.c.obj
                0x1000490c                stdio_set_driver_enabled
 .text.stdio_flush
                0x1000493c       0x20 CMakeFiles/Semaforo.dir/C_/Users/Aulo/.pico-sdk/sdk/2.1.1/src/rp2_common/pico_stdio/stdio.c.obj
                0x1000493c                stdio_flush
 .text.stdio_init_all
                0x1000495c        0x8 CMakeFiles/Semaforo.dir/C_/Users/Aulo/.pico-sdk/sdk/2.1.1/src/rp2_common/pico_stdio/stdio.c.obj
                0x1000495c                stdio_init_all
 .text.__wrap_puts
                0x10004964       0x1e CMakeFiles/Semaforo.dir/C_/Users/Aulo/.pico-sdk/sdk/2.1.1/src/rp2_common/pico_stdio/stdio.c.obj
                0x10004964                stdio_puts
                0x10004964                __wrap_puts
 *fill*         0x10004982        0x2 
 .text.__wrap_vprintf
                0x10004984       0x40 CMakeFiles/Semaforo.dir/C_/Users/Aulo/.pico-sdk/sdk/2.1.1/src/rp2_common/pico_stdio/stdio.c.obj
                0x10004984                stdio_vprintf
                0x10004984                __wrap_vprintf
 .text.__wrap_printf
                0x100049c4       0x18 CMakeFiles/Semaforo.dir/C_/Users/Aulo/.pico-sdk/sdk/2.1.1/src/rp2_common/pico_stdio/stdio.c.obj
                0x100049c4                __wrap_printf
                0x100049c4                stdio_printf
 .text.resetd_init
                0x100049dc        0x2 CMakeFiles/Semaforo.dir/C_/Users/Aulo/.pico-sdk/sdk/2.1.1/src/rp2_common/pico_stdio_usb/reset_interface.c.obj
 *fill*         0x100049de        0x2 
 .text.resetd_reset
                0x100049e0        0xc CMakeFiles/Semaforo.dir/C_/Users/Aulo/.pico-sdk/sdk/2.1.1/src/rp2_common/pico_stdio_usb/reset_interface.c.obj
 .text.resetd_open
                0x100049ec       0x34 CMakeFiles/Semaforo.dir/C_/Users/Aulo/.pico-sdk/sdk/2.1.1/src/rp2_common/pico_stdio_usb/reset_interface.c.obj
 .text.resetd_xfer_cb
                0x10004a20        0x4 CMakeFiles/Semaforo.dir/C_/Users/Aulo/.pico-sdk/sdk/2.1.1/src/rp2_common/pico_stdio_usb/reset_interface.c.obj
 .text.resetd_control_xfer_cb
                0x10004a24       0x60 CMakeFiles/Semaforo.dir/C_/Users/Aulo/.pico-sdk/sdk/2.1.1/src/rp2_common/pico_stdio_usb/reset_interface.c.obj
 .text.tud_descriptor_bos_cb
                0x10004a84        0x8 CMakeFiles/Semaforo.dir/C_/Users/Aulo/.pico-sdk/sdk/2.1.1/src/rp2_common/pico_stdio_usb/reset_interface.c.obj
                0x10004a84                tud_descriptor_bos_cb
 .text.tud_vendor_control_xfer_cb
                0x10004a8c       0x38 CMakeFiles/Semaforo.dir/C_/Users/Aulo/.pico-sdk/sdk/2.1.1/src/rp2_common/pico_stdio_usb/reset_interface.c.obj
                0x10004a8c                tud_vendor_control_xfer_cb
 .text.usbd_app_driver_get_cb
                0x10004ac4        0xc CMakeFiles/Semaforo.dir/C_/Users/Aulo/.pico-sdk/sdk/2.1.1/src/rp2_common/pico_stdio_usb/reset_interface.c.obj
                0x10004ac4                usbd_app_driver_get_cb
 .text.tud_cdc_line_coding_cb
                0x10004ad0       0x2c CMakeFiles/Semaforo.dir/C_/Users/Aulo/.pico-sdk/sdk/2.1.1/src/rp2_common/pico_stdio_usb/reset_interface.c.obj
                0x10004ad0                tud_cdc_line_coding_cb
 .text.stdio_usb_set_chars_available_callback
                0x10004afc       0x14 CMakeFiles/Semaforo.dir/C_/Users/Aulo/.pico-sdk/sdk/2.1.1/src/rp2_common/pico_stdio_usb/stdio_usb.c.obj
                0x10004afc                stdio_usb_set_chars_available_callback
 .text.stdio_usb_out_flush
                0x10004b10       0x4c CMakeFiles/Semaforo.dir/C_/Users/Aulo/.pico-sdk/sdk/2.1.1/src/rp2_common/pico_stdio_usb/stdio_usb.c.obj
 .text.usb_irq  0x10004b5c       0x10 CMakeFiles/Semaforo.dir/C_/Users/Aulo/.pico-sdk/sdk/2.1.1/src/rp2_common/pico_stdio_usb/stdio_usb.c.obj
 .text.critical_section_enter_blocking
                0x10004b6c       0x16 CMakeFiles/Semaforo.dir/C_/Users/Aulo/.pico-sdk/sdk/2.1.1/src/rp2_common/pico_stdio_usb/stdio_usb.c.obj
 *fill*         0x10004b82        0x2 
 .text.timer_task
                0x10004b84       0x60 CMakeFiles/Semaforo.dir/C_/Users/Aulo/.pico-sdk/sdk/2.1.1/src/rp2_common/pico_stdio_usb/stdio_usb.c.obj
 .text.alarm_pool_add_alarm_in_us
                0x10004be4       0x40 CMakeFiles/Semaforo.dir/C_/Users/Aulo/.pico-sdk/sdk/2.1.1/src/rp2_common/pico_stdio_usb/stdio_usb.c.obj
 .text.add_alarm_in_us
                0x10004c24       0x2e CMakeFiles/Semaforo.dir/C_/Users/Aulo/.pico-sdk/sdk/2.1.1/src/rp2_common/pico_stdio_usb/stdio_usb.c.obj
 *fill*         0x10004c52        0x2 
 .text.low_priority_worker_irq
                0x10004c54       0x9c CMakeFiles/Semaforo.dir/C_/Users/Aulo/.pico-sdk/sdk/2.1.1/src/rp2_common/pico_stdio_usb/stdio_usb.c.obj
 .text.stdio_usb_init
                0x10004cf0       0xe0 CMakeFiles/Semaforo.dir/C_/Users/Aulo/.pico-sdk/sdk/2.1.1/src/rp2_common/pico_stdio_usb/stdio_usb.c.obj
                0x10004cf0                stdio_usb_init
 .text.stdio_usb_connected
                0x10004dd0        0xa CMakeFiles/Semaforo.dir/C_/Users/Aulo/.pico-sdk/sdk/2.1.1/src/rp2_common/pico_stdio_usb/stdio_usb.c.obj
                0x10004dd0                stdio_usb_connected
 *fill*         0x10004dda        0x2 
 .text.stdio_usb_in_chars
                0x10004ddc       0x98 CMakeFiles/Semaforo.dir/C_/Users/Aulo/.pico-sdk/sdk/2.1.1/src/rp2_common/pico_stdio_usb/stdio_usb.c.obj
                0x10004ddc                stdio_usb_in_chars
 .text.stdio_usb_out_chars
                0x10004e74       0xe8 CMakeFiles/Semaforo.dir/C_/Users/Aulo/.pico-sdk/sdk/2.1.1/src/rp2_common/pico_stdio_usb/stdio_usb.c.obj
 .text.tud_descriptor_device_cb
                0x10004f5c        0x8 CMakeFiles/Semaforo.dir/C_/Users/Aulo/.pico-sdk/sdk/2.1.1/src/rp2_common/pico_stdio_usb/stdio_usb_descriptors.c.obj
                0x10004f5c                tud_descriptor_device_cb
 .text.tud_descriptor_configuration_cb
                0x10004f64        0x8 CMakeFiles/Semaforo.dir/C_/Users/Aulo/.pico-sdk/sdk/2.1.1/src/rp2_common/pico_stdio_usb/stdio_usb_descriptors.c.obj
                0x10004f64                tud_descriptor_configuration_cb
 .text.tud_descriptor_string_cb
                0x10004f6c       0x6c CMakeFiles/Semaforo.dir/C_/Users/Aulo/.pico-sdk/sdk/2.1.1/src/rp2_common/pico_stdio_usb/stdio_usb_descriptors.c.obj
                0x10004f6c                tud_descriptor_string_cb
 .text._retrieve_unique_id_on_boot
                0x10004fd8       0x10 CMakeFiles/Semaforo.dir/C_/Users/Aulo/.pico-sdk/sdk/2.1.1/src/rp2_common/pico_unique_id/unique_id.c.obj
 .text.pico_get_unique_board_id_string
                0x10004fe8       0x58 CMakeFiles/Semaforo.dir/C_/Users/Aulo/.pico-sdk/sdk/2.1.1/src/rp2_common/pico_unique_id/unique_id.c.obj
                0x10004fe8                pico_get_unique_board_id_string
 .text.flash_get_unique_id
                0x10005040       0x40 CMakeFiles/Semaforo.dir/C_/Users/Aulo/.pico-sdk/sdk/2.1.1/src/rp2_common/hardware_flash/flash.c.obj
                0x10005040                flash_get_unique_id
 .text.hw_endpoint_init
                0x10005080       0xc0 CMakeFiles/Semaforo.dir/C_/Users/Aulo/.pico-sdk/sdk/2.1.1/lib/tinyusb/src/portable/raspberrypi/rp2040/dcd_rp2040.c.obj
 .text.hw_endpoint_alloc
                0x10005140       0x48 CMakeFiles/Semaforo.dir/C_/Users/Aulo/.pico-sdk/sdk/2.1.1/lib/tinyusb/src/portable/raspberrypi/rp2040/dcd_rp2040.c.obj
 .text.hw_endpoint_open
                0x10005188       0x50 CMakeFiles/Semaforo.dir/C_/Users/Aulo/.pico-sdk/sdk/2.1.1/lib/tinyusb/src/portable/raspberrypi/rp2040/dcd_rp2040.c.obj
 .text.hw_endpoint_xfer
                0x100051d8       0x20 CMakeFiles/Semaforo.dir/C_/Users/Aulo/.pico-sdk/sdk/2.1.1/lib/tinyusb/src/portable/raspberrypi/rp2040/dcd_rp2040.c.obj
 .text.dcd_int_enable
                0x100051f8       0x2c CMakeFiles/Semaforo.dir/C_/Users/Aulo/.pico-sdk/sdk/2.1.1/lib/tinyusb/src/portable/raspberrypi/rp2040/dcd_rp2040.c.obj
                0x100051f8                dcd_int_enable
 .text.dcd_set_address
                0x10005224       0x2c CMakeFiles/Semaforo.dir/C_/Users/Aulo/.pico-sdk/sdk/2.1.1/lib/tinyusb/src/portable/raspberrypi/rp2040/dcd_rp2040.c.obj
                0x10005224                dcd_set_address
 .text.dcd_connect
                0x10005250       0x10 CMakeFiles/Semaforo.dir/C_/Users/Aulo/.pico-sdk/sdk/2.1.1/lib/tinyusb/src/portable/raspberrypi/rp2040/dcd_rp2040.c.obj
                0x10005250                dcd_connect
 .text.dcd_init
                0x10005260       0x80 CMakeFiles/Semaforo.dir/C_/Users/Aulo/.pico-sdk/sdk/2.1.1/lib/tinyusb/src/portable/raspberrypi/rp2040/dcd_rp2040.c.obj
                0x10005260                dcd_init
 .text.dcd_sof_enable
                0x100052e0       0x1c CMakeFiles/Semaforo.dir/C_/Users/Aulo/.pico-sdk/sdk/2.1.1/lib/tinyusb/src/portable/raspberrypi/rp2040/dcd_rp2040.c.obj
                0x100052e0                dcd_sof_enable
 .text.dcd_edpt0_status_complete
                0x100052fc       0x1c CMakeFiles/Semaforo.dir/C_/Users/Aulo/.pico-sdk/sdk/2.1.1/lib/tinyusb/src/portable/raspberrypi/rp2040/dcd_rp2040.c.obj
                0x100052fc                dcd_edpt0_status_complete
 .text.dcd_edpt_open
                0x10005318       0x26 CMakeFiles/Semaforo.dir/C_/Users/Aulo/.pico-sdk/sdk/2.1.1/lib/tinyusb/src/portable/raspberrypi/rp2040/dcd_rp2040.c.obj
                0x10005318                dcd_edpt_open
 .text.dcd_edpt_close_all
                0x1000533e        0x8 CMakeFiles/Semaforo.dir/C_/Users/Aulo/.pico-sdk/sdk/2.1.1/lib/tinyusb/src/portable/raspberrypi/rp2040/dcd_rp2040.c.obj
                0x1000533e                dcd_edpt_close_all
 *fill*         0x10005346        0x2 
 .text.dcd_edpt_xfer
                0x10005348       0x30 CMakeFiles/Semaforo.dir/C_/Users/Aulo/.pico-sdk/sdk/2.1.1/lib/tinyusb/src/portable/raspberrypi/rp2040/dcd_rp2040.c.obj
                0x10005348                dcd_edpt_xfer
 .text.dcd_edpt_stall
                0x10005378       0x3c CMakeFiles/Semaforo.dir/C_/Users/Aulo/.pico-sdk/sdk/2.1.1/lib/tinyusb/src/portable/raspberrypi/rp2040/dcd_rp2040.c.obj
                0x10005378                dcd_edpt_stall
 .text.dcd_edpt_clear_stall
                0x100053b4       0x30 CMakeFiles/Semaforo.dir/C_/Users/Aulo/.pico-sdk/sdk/2.1.1/lib/tinyusb/src/portable/raspberrypi/rp2040/dcd_rp2040.c.obj
                0x100053b4                dcd_edpt_clear_stall
 .text.unaligned_memcpy
                0x100053e4       0x14 CMakeFiles/Semaforo.dir/C_/Users/Aulo/.pico-sdk/sdk/2.1.1/lib/tinyusb/src/portable/raspberrypi/rp2040/rp2040_usb.c.obj
 .text.rp2040_usb_init
                0x100053f8       0x44 CMakeFiles/Semaforo.dir/C_/Users/Aulo/.pico-sdk/sdk/2.1.1/lib/tinyusb/src/portable/raspberrypi/rp2040/rp2040_usb.c.obj
                0x100053f8                rp2040_usb_init
 .text.hw_endpoint_xfer_start
                0x1000543c       0x60 CMakeFiles/Semaforo.dir/C_/Users/Aulo/.pico-sdk/sdk/2.1.1/lib/tinyusb/src/portable/raspberrypi/rp2040/rp2040_usb.c.obj
                0x1000543c                hw_endpoint_xfer_start
 .text.configuration_reset
                0x1000549c       0x84 CMakeFiles/Semaforo.dir/C_/Users/Aulo/.pico-sdk/sdk/2.1.1/lib/tinyusb/src/device/usbd.c.obj
 .text.critical_section_enter_blocking
                0x10005520       0x16 CMakeFiles/Semaforo.dir/C_/Users/Aulo/.pico-sdk/sdk/2.1.1/lib/tinyusb/src/device/usbd.c.obj
 .text.usbd_reset
                0x10005536        0xc CMakeFiles/Semaforo.dir/C_/Users/Aulo/.pico-sdk/sdk/2.1.1/lib/tinyusb/src/device/usbd.c.obj
 .text.invoke_class_control
                0x10005542       0x1a CMakeFiles/Semaforo.dir/C_/Users/Aulo/.pico-sdk/sdk/2.1.1/lib/tinyusb/src/device/usbd.c.obj
 .text.process_set_config
                0x1000555c      0x1b0 CMakeFiles/Semaforo.dir/C_/Users/Aulo/.pico-sdk/sdk/2.1.1/lib/tinyusb/src/device/usbd.c.obj
 .text.tud_event_hook_cb
                0x1000570c        0x2 CMakeFiles/Semaforo.dir/C_/Users/Aulo/.pico-sdk/sdk/2.1.1/lib/tinyusb/src/device/usbd.c.obj
                0x1000570c                tud_event_hook_cb
 .text.tud_sof_cb
                0x1000570e        0x2 CMakeFiles/Semaforo.dir/C_/Users/Aulo/.pico-sdk/sdk/2.1.1/lib/tinyusb/src/device/usbd.c.obj
                0x1000570e                tud_sof_cb
 .text.tud_descriptor_device_qualifier_cb
                0x10005710        0x4 CMakeFiles/Semaforo.dir/C_/Users/Aulo/.pico-sdk/sdk/2.1.1/lib/tinyusb/src/device/usbd.c.obj
                0x10005710                tud_descriptor_device_qualifier_cb
 .text.tud_descriptor_other_speed_configuration_cb
                0x10005714        0x4 CMakeFiles/Semaforo.dir/C_/Users/Aulo/.pico-sdk/sdk/2.1.1/lib/tinyusb/src/device/usbd.c.obj
                0x10005714                tud_descriptor_other_speed_configuration_cb
 .text.process_get_descriptor
                0x10005718       0xe0 CMakeFiles/Semaforo.dir/C_/Users/Aulo/.pico-sdk/sdk/2.1.1/lib/tinyusb/src/device/usbd.c.obj
 .text.tud_mount_cb
                0x100057f8        0x2 CMakeFiles/Semaforo.dir/C_/Users/Aulo/.pico-sdk/sdk/2.1.1/lib/tinyusb/src/device/usbd.c.obj
                0x100057f8                tud_mount_cb
 .text.tud_umount_cb
                0x100057fa        0x2 CMakeFiles/Semaforo.dir/C_/Users/Aulo/.pico-sdk/sdk/2.1.1/lib/tinyusb/src/device/usbd.c.obj
                0x100057fa                tud_umount_cb
 .text.tud_suspend_cb
                0x100057fc        0x2 CMakeFiles/Semaforo.dir/C_/Users/Aulo/.pico-sdk/sdk/2.1.1/lib/tinyusb/src/device/usbd.c.obj
                0x100057fc                tud_suspend_cb
 .text.tud_resume_cb
                0x100057fe        0x2 CMakeFiles/Semaforo.dir/C_/Users/Aulo/.pico-sdk/sdk/2.1.1/lib/tinyusb/src/device/usbd.c.obj
                0x100057fe                tud_resume_cb
 .text.tud_mounted
                0x10005800       0x10 CMakeFiles/Semaforo.dir/C_/Users/Aulo/.pico-sdk/sdk/2.1.1/lib/tinyusb/src/device/usbd.c.obj
                0x10005800                tud_mounted
 .text.tud_suspended
                0x10005810       0x10 CMakeFiles/Semaforo.dir/C_/Users/Aulo/.pico-sdk/sdk/2.1.1/lib/tinyusb/src/device/usbd.c.obj
                0x10005810                tud_suspended
 .text.tud_inited
                0x10005820       0x14 CMakeFiles/Semaforo.dir/C_/Users/Aulo/.pico-sdk/sdk/2.1.1/lib/tinyusb/src/device/usbd.c.obj
                0x10005820                tud_inited
 .text.tud_rhport_init
                0x10005834      0x100 CMakeFiles/Semaforo.dir/C_/Users/Aulo/.pico-sdk/sdk/2.1.1/lib/tinyusb/src/device/usbd.c.obj
                0x10005834                tud_rhport_init
 .text.usbd_edpt_open
                0x10005934       0x60 CMakeFiles/Semaforo.dir/C_/Users/Aulo/.pico-sdk/sdk/2.1.1/lib/tinyusb/src/device/usbd.c.obj
                0x10005934                usbd_edpt_open
 .text.usbd_open_edpt_pair
                0x10005994       0x88 CMakeFiles/Semaforo.dir/C_/Users/Aulo/.pico-sdk/sdk/2.1.1/lib/tinyusb/src/device/usbd.c.obj
                0x10005994                usbd_open_edpt_pair
 .text.usbd_edpt_claim
                0x10005a1c       0x28 CMakeFiles/Semaforo.dir/C_/Users/Aulo/.pico-sdk/sdk/2.1.1/lib/tinyusb/src/device/usbd.c.obj
                0x10005a1c                usbd_edpt_claim
 .text.usbd_edpt_release
                0x10005a44       0x28 CMakeFiles/Semaforo.dir/C_/Users/Aulo/.pico-sdk/sdk/2.1.1/lib/tinyusb/src/device/usbd.c.obj
                0x10005a44                usbd_edpt_release
 .text.usbd_edpt_xfer
                0x10005a6c       0x88 CMakeFiles/Semaforo.dir/C_/Users/Aulo/.pico-sdk/sdk/2.1.1/lib/tinyusb/src/device/usbd.c.obj
                0x10005a6c                usbd_edpt_xfer
 .text.usbd_edpt_stall
                0x10005af4       0x34 CMakeFiles/Semaforo.dir/C_/Users/Aulo/.pico-sdk/sdk/2.1.1/lib/tinyusb/src/device/usbd.c.obj
                0x10005af4                usbd_edpt_stall
 .text.usbd_edpt_clear_stall
                0x10005b28       0x34 CMakeFiles/Semaforo.dir/C_/Users/Aulo/.pico-sdk/sdk/2.1.1/lib/tinyusb/src/device/usbd.c.obj
                0x10005b28                usbd_edpt_clear_stall
 .text.usbd_edpt_stalled
                0x10005b5c       0x1c CMakeFiles/Semaforo.dir/C_/Users/Aulo/.pico-sdk/sdk/2.1.1/lib/tinyusb/src/device/usbd.c.obj
                0x10005b5c                usbd_edpt_stalled
 .text.process_control_request
                0x10005b78      0x384 CMakeFiles/Semaforo.dir/C_/Users/Aulo/.pico-sdk/sdk/2.1.1/lib/tinyusb/src/device/usbd.c.obj
 .text.tud_task_ext
                0x10005efc      0x1c4 CMakeFiles/Semaforo.dir/C_/Users/Aulo/.pico-sdk/sdk/2.1.1/lib/tinyusb/src/device/usbd.c.obj
                0x10005efc                tud_task_ext
 .text.status_stage_xact
                0x100060c0       0x1a CMakeFiles/Semaforo.dir/C_/Users/Aulo/.pico-sdk/sdk/2.1.1/lib/tinyusb/src/device/usbd_control.c.obj
 *fill*         0x100060da        0x2 
 .text.data_stage_xact
                0x100060dc       0x60 CMakeFiles/Semaforo.dir/C_/Users/Aulo/.pico-sdk/sdk/2.1.1/lib/tinyusb/src/device/usbd_control.c.obj
 .text.tud_control_status
                0x1000613c       0x28 CMakeFiles/Semaforo.dir/C_/Users/Aulo/.pico-sdk/sdk/2.1.1/lib/tinyusb/src/device/usbd_control.c.obj
                0x1000613c                tud_control_status
 .text.tud_control_xfer
                0x10006164       0x98 CMakeFiles/Semaforo.dir/C_/Users/Aulo/.pico-sdk/sdk/2.1.1/lib/tinyusb/src/device/usbd_control.c.obj
                0x10006164                tud_control_xfer
 .text.usbd_control_reset
                0x100061fc       0x14 CMakeFiles/Semaforo.dir/C_/Users/Aulo/.pico-sdk/sdk/2.1.1/lib/tinyusb/src/device/usbd_control.c.obj
                0x100061fc                usbd_control_reset
 .text.usbd_control_set_complete_callback
                0x10006210        0xc CMakeFiles/Semaforo.dir/C_/Users/Aulo/.pico-sdk/sdk/2.1.1/lib/tinyusb/src/device/usbd_control.c.obj
                0x10006210                usbd_control_set_complete_callback
 .text.usbd_control_set_request
                0x1000621c       0x1c CMakeFiles/Semaforo.dir/C_/Users/Aulo/.pico-sdk/sdk/2.1.1/lib/tinyusb/src/device/usbd_control.c.obj
                0x1000621c                usbd_control_set_request
 .text.usbd_control_xfer_cb
                0x10006238       0xe0 CMakeFiles/Semaforo.dir/C_/Users/Aulo/.pico-sdk/sdk/2.1.1/lib/tinyusb/src/device/usbd_control.c.obj
                0x10006238                usbd_control_xfer_cb
 .text._prep_out_transaction
                0x10006318       0x94 CMakeFiles/Semaforo.dir/C_/Users/Aulo/.pico-sdk/sdk/2.1.1/lib/tinyusb/src/class/cdc/cdc_device.c.obj
 .text.tud_cdc_n_connected
                0x100063ac       0x38 CMakeFiles/Semaforo.dir/C_/Users/Aulo/.pico-sdk/sdk/2.1.1/lib/tinyusb/src/class/cdc/cdc_device.c.obj
                0x100063ac                tud_cdc_n_connected
 .text.tud_cdc_n_available
                0x100063e4       0x18 CMakeFiles/Semaforo.dir/C_/Users/Aulo/.pico-sdk/sdk/2.1.1/lib/tinyusb/src/class/cdc/cdc_device.c.obj
                0x100063e4                tud_cdc_n_available
 .text.tud_cdc_n_read
                0x100063fc       0x38 CMakeFiles/Semaforo.dir/C_/Users/Aulo/.pico-sdk/sdk/2.1.1/lib/tinyusb/src/class/cdc/cdc_device.c.obj
                0x100063fc                tud_cdc_n_read
 .text.tud_cdc_n_write_flush
                0x10006434       0xb0 CMakeFiles/Semaforo.dir/C_/Users/Aulo/.pico-sdk/sdk/2.1.1/lib/tinyusb/src/class/cdc/cdc_device.c.obj
                0x10006434                tud_cdc_n_write_flush
 .text.tud_cdc_n_write
                0x100064e4       0x48 CMakeFiles/Semaforo.dir/C_/Users/Aulo/.pico-sdk/sdk/2.1.1/lib/tinyusb/src/class/cdc/cdc_device.c.obj
                0x100064e4                tud_cdc_n_write
 .text.tud_cdc_n_write_available
                0x1000652c       0x18 CMakeFiles/Semaforo.dir/C_/Users/Aulo/.pico-sdk/sdk/2.1.1/lib/tinyusb/src/class/cdc/cdc_device.c.obj
                0x1000652c                tud_cdc_n_write_available
 .text.cdcd_init
                0x10006544       0xac CMakeFiles/Semaforo.dir/C_/Users/Aulo/.pico-sdk/sdk/2.1.1/lib/tinyusb/src/class/cdc/cdc_device.c.obj
                0x10006544                cdcd_init
 .text.cdcd_deinit
                0x100065f0       0x48 CMakeFiles/Semaforo.dir/C_/Users/Aulo/.pico-sdk/sdk/2.1.1/lib/tinyusb/src/class/cdc/cdc_device.c.obj
                0x100065f0                cdcd_deinit
 .text.cdcd_reset
                0x10006638       0x70 CMakeFiles/Semaforo.dir/C_/Users/Aulo/.pico-sdk/sdk/2.1.1/lib/tinyusb/src/class/cdc/cdc_device.c.obj
                0x10006638                cdcd_reset
 .text.cdcd_open
                0x100066a8       0xec CMakeFiles/Semaforo.dir/C_/Users/Aulo/.pico-sdk/sdk/2.1.1/lib/tinyusb/src/class/cdc/cdc_device.c.obj
                0x100066a8                cdcd_open
 .text.cdcd_control_xfer_cb
                0x10006794      0x13c CMakeFiles/Semaforo.dir/C_/Users/Aulo/.pico-sdk/sdk/2.1.1/lib/tinyusb/src/class/cdc/cdc_device.c.obj
                0x10006794                cdcd_control_xfer_cb
 .text.cdcd_xfer_cb
                0x100068d0      0x148 CMakeFiles/Semaforo.dir/C_/Users/Aulo/.pico-sdk/sdk/2.1.1/lib/tinyusb/src/class/cdc/cdc_device.c.obj
                0x100068d0                cdcd_xfer_cb
 .text.tud_vendor_n_mounted
                0x10006a18       0x3c CMakeFiles/Semaforo.dir/C_/Users/Aulo/.pico-sdk/sdk/2.1.1/lib/tinyusb/src/class/vendor/vendor_device.c.obj
                0x10006a18                tud_vendor_n_mounted
 .text.tud_vendor_n_write_flush
                0x10006a54       0x20 CMakeFiles/Semaforo.dir/C_/Users/Aulo/.pico-sdk/sdk/2.1.1/lib/tinyusb/src/class/vendor/vendor_device.c.obj
                0x10006a54                tud_vendor_n_write_flush
 .text.vendord_init
                0x10006a74       0x9c CMakeFiles/Semaforo.dir/C_/Users/Aulo/.pico-sdk/sdk/2.1.1/lib/tinyusb/src/class/vendor/vendor_device.c.obj
                0x10006a74                vendord_init
 .text.vendord_deinit
                0x10006b10       0x34 CMakeFiles/Semaforo.dir/C_/Users/Aulo/.pico-sdk/sdk/2.1.1/lib/tinyusb/src/class/vendor/vendor_device.c.obj
                0x10006b10                vendord_deinit
 .text.vendord_reset
                0x10006b44       0x50 CMakeFiles/Semaforo.dir/C_/Users/Aulo/.pico-sdk/sdk/2.1.1/lib/tinyusb/src/class/vendor/vendor_device.c.obj
                0x10006b44                vendord_reset
 .text.vendord_open
                0x10006b94      0x14c CMakeFiles/Semaforo.dir/C_/Users/Aulo/.pico-sdk/sdk/2.1.1/lib/tinyusb/src/class/vendor/vendor_device.c.obj
                0x10006b94                vendord_open
 .text.vendord_xfer_cb
                0x10006ce0       0xd8 CMakeFiles/Semaforo.dir/C_/Users/Aulo/.pico-sdk/sdk/2.1.1/lib/tinyusb/src/class/vendor/vendor_device.c.obj
                0x10006ce0                vendord_xfer_cb
 .text.tusb_rhport_init
                0x10006db8       0x78 CMakeFiles/Semaforo.dir/C_/Users/Aulo/.pico-sdk/sdk/2.1.1/lib/tinyusb/src/tusb.c.obj
                0x10006db8                tusb_rhport_init
 .text.tu_edpt_claim
                0x10006e30       0x50 CMakeFiles/Semaforo.dir/C_/Users/Aulo/.pico-sdk/sdk/2.1.1/lib/tinyusb/src/tusb.c.obj
                0x10006e30                tu_edpt_claim
 .text.tu_edpt_release
                0x10006e80       0x38 CMakeFiles/Semaforo.dir/C_/Users/Aulo/.pico-sdk/sdk/2.1.1/lib/tinyusb/src/tusb.c.obj
                0x10006e80                tu_edpt_release
 .text.tu_edpt_validate
                0x10006eb8       0xac CMakeFiles/Semaforo.dir/C_/Users/Aulo/.pico-sdk/sdk/2.1.1/lib/tinyusb/src/tusb.c.obj
                0x10006eb8                tu_edpt_validate
 .text.tu_edpt_bind_driver
                0x10006f64       0x26 CMakeFiles/Semaforo.dir/C_/Users/Aulo/.pico-sdk/sdk/2.1.1/lib/tinyusb/src/tusb.c.obj
                0x10006f64                tu_edpt_bind_driver
 .text.tu_edpt_stream_init
                0x10006f8a       0x62 CMakeFiles/Semaforo.dir/C_/Users/Aulo/.pico-sdk/sdk/2.1.1/lib/tinyusb/src/tusb.c.obj
                0x10006f8a                tu_edpt_stream_init
 .text.tu_edpt_stream_deinit
                0x10006fec        0x4 CMakeFiles/Semaforo.dir/C_/Users/Aulo/.pico-sdk/sdk/2.1.1/lib/tinyusb/src/tusb.c.obj
                0x10006fec                tu_edpt_stream_deinit
 .text.tu_edpt_stream_write_zlp_if_needed
                0x10006ff0       0x80 CMakeFiles/Semaforo.dir/C_/Users/Aulo/.pico-sdk/sdk/2.1.1/lib/tinyusb/src/tusb.c.obj
                0x10006ff0                tu_edpt_stream_write_zlp_if_needed
 .text.tu_edpt_stream_write_xfer
                0x10007070       0x84 CMakeFiles/Semaforo.dir/C_/Users/Aulo/.pico-sdk/sdk/2.1.1/lib/tinyusb/src/tusb.c.obj
                0x10007070                tu_edpt_stream_write_xfer
 .text.tu_edpt_stream_read_xfer
                0x100070f4       0xf4 CMakeFiles/Semaforo.dir/C_/Users/Aulo/.pico-sdk/sdk/2.1.1/lib/tinyusb/src/tusb.c.obj
                0x100070f4                tu_edpt_stream_read_xfer
 .text.advance_index
                0x100071e8       0x1a CMakeFiles/Semaforo.dir/C_/Users/Aulo/.pico-sdk/sdk/2.1.1/lib/tinyusb/src/common/tusb_fifo.c.obj
 .text._tu_fifo_peek
                0x10007202       0x56 CMakeFiles/Semaforo.dir/C_/Users/Aulo/.pico-sdk/sdk/2.1.1/lib/tinyusb/src/common/tusb_fifo.c.obj
 .text._ff_pull_n
                0x10007258       0x68 CMakeFiles/Semaforo.dir/C_/Users/Aulo/.pico-sdk/sdk/2.1.1/lib/tinyusb/src/common/tusb_fifo.c.obj
 .text._tu_fifo_peek_n
                0x100072c0       0x6a CMakeFiles/Semaforo.dir/C_/Users/Aulo/.pico-sdk/sdk/2.1.1/lib/tinyusb/src/common/tusb_fifo.c.obj
 .text._tu_fifo_read_n
                0x1000732a       0x4e CMakeFiles/Semaforo.dir/C_/Users/Aulo/.pico-sdk/sdk/2.1.1/lib/tinyusb/src/common/tusb_fifo.c.obj
 .text._ff_push_n
                0x10007378       0x68 CMakeFiles/Semaforo.dir/C_/Users/Aulo/.pico-sdk/sdk/2.1.1/lib/tinyusb/src/common/tusb_fifo.c.obj
 .text._tu_fifo_write_n
                0x100073e0       0xf0 CMakeFiles/Semaforo.dir/C_/Users/Aulo/.pico-sdk/sdk/2.1.1/lib/tinyusb/src/common/tusb_fifo.c.obj
 .text.tu_fifo_config
                0x100074d0       0x7c CMakeFiles/Semaforo.dir/C_/Users/Aulo/.pico-sdk/sdk/2.1.1/lib/tinyusb/src/common/tusb_fifo.c.obj
                0x100074d0                tu_fifo_config
 .text.tu_fifo_count
                0x1000754c       0x2c CMakeFiles/Semaforo.dir/C_/Users/Aulo/.pico-sdk/sdk/2.1.1/lib/tinyusb/src/common/tusb_fifo.c.obj
                0x1000754c                tu_fifo_count
 .text.tu_fifo_empty
                0x10007578        0xe CMakeFiles/Semaforo.dir/C_/Users/Aulo/.pico-sdk/sdk/2.1.1/lib/tinyusb/src/common/tusb_fifo.c.obj
                0x10007578                tu_fifo_empty
 .text.tu_fifo_full
                0x10007586       0x2a CMakeFiles/Semaforo.dir/C_/Users/Aulo/.pico-sdk/sdk/2.1.1/lib/tinyusb/src/common/tusb_fifo.c.obj
                0x10007586                tu_fifo_full
 .text.tu_fifo_remaining
                0x100075b0       0x2e CMakeFiles/Semaforo.dir/C_/Users/Aulo/.pico-sdk/sdk/2.1.1/lib/tinyusb/src/common/tusb_fifo.c.obj
                0x100075b0                tu_fifo_remaining
 .text.tu_fifo_read
                0x100075de       0x42 CMakeFiles/Semaforo.dir/C_/Users/Aulo/.pico-sdk/sdk/2.1.1/lib/tinyusb/src/common/tusb_fifo.c.obj
                0x100075de                tu_fifo_read
 .text.tu_fifo_read_n
                0x10007620        0xa CMakeFiles/Semaforo.dir/C_/Users/Aulo/.pico-sdk/sdk/2.1.1/lib/tinyusb/src/common/tusb_fifo.c.obj
                0x10007620                tu_fifo_read_n
 .text.tu_fifo_write
                0x1000762a       0x64 CMakeFiles/Semaforo.dir/C_/Users/Aulo/.pico-sdk/sdk/2.1.1/lib/tinyusb/src/common/tusb_fifo.c.obj
                0x1000762a                tu_fifo_write
 .text.tu_fifo_write_n
                0x1000768e        0xa CMakeFiles/Semaforo.dir/C_/Users/Aulo/.pico-sdk/sdk/2.1.1/lib/tinyusb/src/common/tusb_fifo.c.obj
                0x1000768e                tu_fifo_write_n
 .text.tu_fifo_clear
                0x10007698       0x3e CMakeFiles/Semaforo.dir/C_/Users/Aulo/.pico-sdk/sdk/2.1.1/lib/tinyusb/src/common/tusb_fifo.c.obj
                0x10007698                tu_fifo_clear
 .text.tu_fifo_set_overwritable
                0x100076d6       0x46 CMakeFiles/Semaforo.dir/C_/Users/Aulo/.pico-sdk/sdk/2.1.1/lib/tinyusb/src/common/tusb_fifo.c.obj
                0x100076d6                tu_fifo_set_overwritable
 .text.pio_get_default_sm_config
                0x1000771c       0x28 CMakeFiles/Semaforo.dir/C_/Users/Aulo/.pico-sdk/sdk/2.1.1/src/rp2_common/hardware_pio/pio.c.obj
 .text.is_program_gpio_compatible
                0x10007744        0x4 CMakeFiles/Semaforo.dir/C_/Users/Aulo/.pico-sdk/sdk/2.1.1/src/rp2_common/hardware_pio/pio.c.obj
 .text.add_program_at_offset_check
                0x10007748       0x64 CMakeFiles/Semaforo.dir/C_/Users/Aulo/.pico-sdk/sdk/2.1.1/src/rp2_common/hardware_pio/pio.c.obj
 .text.add_program_at_offset
                0x100077ac       0x60 CMakeFiles/Semaforo.dir/C_/Users/Aulo/.pico-sdk/sdk/2.1.1/src/rp2_common/hardware_pio/pio.c.obj
 .text.find_offset_for_program
                0x1000780c       0x7c CMakeFiles/Semaforo.dir/C_/Users/Aulo/.pico-sdk/sdk/2.1.1/src/rp2_common/hardware_pio/pio.c.obj
 .text.pio_claim_unused_sm
                0x10007888       0x38 CMakeFiles/Semaforo.dir/C_/Users/Aulo/.pico-sdk/sdk/2.1.1/src/rp2_common/hardware_pio/pio.c.obj
                0x10007888                pio_claim_unused_sm
 .text.pio_add_program
                0x100078c0       0x30 CMakeFiles/Semaforo.dir/C_/Users/Aulo/.pico-sdk/sdk/2.1.1/src/rp2_common/hardware_pio/pio.c.obj
                0x100078c0                pio_add_program
 .text.pio_sm_set_consecutive_pindirs
                0x100078f0       0xb4 CMakeFiles/Semaforo.dir/C_/Users/Aulo/.pico-sdk/sdk/2.1.1/src/rp2_common/hardware_pio/pio.c.obj
                0x100078f0                pio_sm_set_consecutive_pindirs
 .text.pio_sm_init
                0x100079a4       0xb4 CMakeFiles/Semaforo.dir/C_/Users/Aulo/.pico-sdk/sdk/2.1.1/src/rp2_common/hardware_pio/pio.c.obj
                0x100079a4                pio_sm_init
 .text.i2c_unreset
                0x10007a58       0x2c CMakeFiles/Semaforo.dir/C_/Users/Aulo/.pico-sdk/sdk/2.1.1/src/rp2_common/hardware_i2c/i2c.c.obj
 .text.i2c_write_blocking_internal
                0x10007a84      0x158 CMakeFiles/Semaforo.dir/C_/Users/Aulo/.pico-sdk/sdk/2.1.1/src/rp2_common/hardware_i2c/i2c.c.obj
 .text.i2c_set_baudrate
                0x10007bdc       0xf0 CMakeFiles/Semaforo.dir/C_/Users/Aulo/.pico-sdk/sdk/2.1.1/src/rp2_common/hardware_i2c/i2c.c.obj
                0x10007bdc                i2c_set_baudrate
 .text.i2c_init
                0x10007ccc       0x54 CMakeFiles/Semaforo.dir/C_/Users/Aulo/.pico-sdk/sdk/2.1.1/src/rp2_common/hardware_i2c/i2c.c.obj
                0x10007ccc                i2c_init
 .text.i2c_write_blocking
                0x10007d20       0x18 CMakeFiles/Semaforo.dir/C_/Users/Aulo/.pico-sdk/sdk/2.1.1/src/rp2_common/hardware_i2c/i2c.c.obj
                0x10007d20                i2c_write_blocking
 .text.vPortSVCHandler
                0x10007d38        0x2 CMakeFiles/Semaforo.dir/C_/FreeRTOS-Kernel/portable/ThirdParty/GCC/RP2040/port.c.obj
                0x10007d38                vPortSVCHandler
 *fill*         0x10007d3a        0x6 
 .text.vPortStartFirstTask
                0x10007d40       0x34 CMakeFiles/Semaforo.dir/C_/FreeRTOS-Kernel/portable/ThirdParty/GCC/RP2040/port.c.obj
 *fill*         0x10007d74        0xc 
 .text.xPortPendSVHandler
                0x10007d80       0x64 CMakeFiles/Semaforo.dir/C_/FreeRTOS-Kernel/portable/ThirdParty/GCC/RP2040/port.c.obj
                0x10007d80                xPortPendSVHandler
 .text.prvTaskExitError
                0x10007de4        0x6 CMakeFiles/Semaforo.dir/C_/FreeRTOS-Kernel/portable/ThirdParty/GCC/RP2040/port.c.obj
 *fill*         0x10007dea        0x2 
 .text.prvFIFOInterruptHandler
                0x10007dec       0x78 CMakeFiles/Semaforo.dir/C_/FreeRTOS-Kernel/portable/ThirdParty/GCC/RP2040/port.c.obj
 .text.prvGetTicksToWaitBefore
                0x10007e64       0x40 CMakeFiles/Semaforo.dir/C_/FreeRTOS-Kernel/portable/ThirdParty/GCC/RP2040/port.c.obj
 .text.pxPortInitialiseStack
                0x10007ea4       0x24 CMakeFiles/Semaforo.dir/C_/FreeRTOS-Kernel/portable/ThirdParty/GCC/RP2040/port.c.obj
                0x10007ea4                pxPortInitialiseStack
 .text.vPortYield
                0x10007ec8       0x18 CMakeFiles/Semaforo.dir/C_/FreeRTOS-Kernel/portable/ThirdParty/GCC/RP2040/port.c.obj
                0x10007ec8                vPortYield
 .text.vPortEnterCritical
                0x10007ee0       0x18 CMakeFiles/Semaforo.dir/C_/FreeRTOS-Kernel/portable/ThirdParty/GCC/RP2040/port.c.obj
                0x10007ee0                vPortEnterCritical
 .text.vPortExitCritical
                0x10007ef8       0x38 CMakeFiles/Semaforo.dir/C_/FreeRTOS-Kernel/portable/ThirdParty/GCC/RP2040/port.c.obj
                0x10007ef8                vPortExitCritical
 .text.ulSetInterruptMaskFromISR
                0x10007f30        0x8 CMakeFiles/Semaforo.dir/C_/FreeRTOS-Kernel/portable/ThirdParty/GCC/RP2040/port.c.obj
                0x10007f30                ulSetInterruptMaskFromISR
 .text.vClearInterruptMaskFromISR
                0x10007f38        0x6 CMakeFiles/Semaforo.dir/C_/FreeRTOS-Kernel/portable/ThirdParty/GCC/RP2040/port.c.obj
                0x10007f38                vClearInterruptMaskFromISR
 *fill*         0x10007f3e        0x2 
 .text.xPortSysTickHandler
                0x10007f40       0x24 CMakeFiles/Semaforo.dir/C_/FreeRTOS-Kernel/portable/ThirdParty/GCC/RP2040/port.c.obj
                0x10007f40                xPortSysTickHandler
 .text.vPortSetupTimerInterrupt
                0x10007f64       0x34 CMakeFiles/Semaforo.dir/C_/FreeRTOS-Kernel/portable/ThirdParty/GCC/RP2040/port.c.obj
                0x10007f64                vPortSetupTimerInterrupt
 .text.xPortStartScheduler
                0x10007f98       0x9c CMakeFiles/Semaforo.dir/C_/FreeRTOS-Kernel/portable/ThirdParty/GCC/RP2040/port.c.obj
                0x10007f98                xPortStartScheduler
 .text.ulPortLockGetCurrentOwnerId
                0x10008034       0x2c CMakeFiles/Semaforo.dir/C_/FreeRTOS-Kernel/portable/ThirdParty/GCC/RP2040/port.c.obj
                0x10008034                ulPortLockGetCurrentOwnerId
 .text.vPortLockInternalSpinUnlockWithWait
                0x10008060       0xa8 CMakeFiles/Semaforo.dir/C_/FreeRTOS-Kernel/portable/ThirdParty/GCC/RP2040/port.c.obj
                0x10008060                vPortLockInternalSpinUnlockWithWait
 .text.vPortLockInternalSpinUnlockWithNotify
                0x10008108       0xd4 CMakeFiles/Semaforo.dir/C_/FreeRTOS-Kernel/portable/ThirdParty/GCC/RP2040/port.c.obj
                0x10008108                vPortLockInternalSpinUnlockWithNotify
 .text.xPortLockInternalSpinUnlockWithBestEffortWaitOrTimeout
                0x100081dc       0xf8 CMakeFiles/Semaforo.dir/C_/FreeRTOS-Kernel/portable/ThirdParty/GCC/RP2040/port.c.obj
                0x100081dc                xPortLockInternalSpinUnlockWithBestEffortWaitOrTimeout
 .text.prvRuntimeInitializer
                0x100082d4       0x28 CMakeFiles/Semaforo.dir/C_/FreeRTOS-Kernel/portable/ThirdParty/GCC/RP2040/port.c.obj
 .text.prvTestWaitCondition
                0x100082fc       0x1e CMakeFiles/Semaforo.dir/C_/FreeRTOS-Kernel/event_groups.c.obj
 .text.xEventGroupCreate
                0x1000831a       0x18 CMakeFiles/Semaforo.dir/C_/FreeRTOS-Kernel/event_groups.c.obj
                0x1000831a                xEventGroupCreate
 *fill*         0x10008332        0x2 
 .text.xEventGroupWaitBits
                0x10008334      0x120 CMakeFiles/Semaforo.dir/C_/FreeRTOS-Kernel/event_groups.c.obj
                0x10008334                xEventGroupWaitBits
 .text.xEventGroupSetBits
                0x10008454       0x9c CMakeFiles/Semaforo.dir/C_/FreeRTOS-Kernel/event_groups.c.obj
                0x10008454                xEventGroupSetBits
 .text.vEventGroupSetBitsCallback
                0x100084f0        0x8 CMakeFiles/Semaforo.dir/C_/FreeRTOS-Kernel/event_groups.c.obj
                0x100084f0                vEventGroupSetBitsCallback
 .text.xEventGroupSetBitsFromISR
                0x100084f8       0x18 CMakeFiles/Semaforo.dir/C_/FreeRTOS-Kernel/event_groups.c.obj
                0x100084f8                xEventGroupSetBitsFromISR
 .text.vListInitialise
                0x10008510       0x16 CMakeFiles/Semaforo.dir/C_/FreeRTOS-Kernel/list.c.obj
                0x10008510                vListInitialise
 .text.vListInitialiseItem
                0x10008526        0x6 CMakeFiles/Semaforo.dir/C_/FreeRTOS-Kernel/list.c.obj
                0x10008526                vListInitialiseItem
 .text.vListInsert
                0x1000852c       0x2e CMakeFiles/Semaforo.dir/C_/FreeRTOS-Kernel/list.c.obj
                0x1000852c                vListInsert
 .text.uxListRemove
                0x1000855a       0x24 CMakeFiles/Semaforo.dir/C_/FreeRTOS-Kernel/list.c.obj
                0x1000855a                uxListRemove
 .text.prvIsQueueEmpty
                0x1000857e       0x1c CMakeFiles/Semaforo.dir/C_/FreeRTOS-Kernel/queue.c.obj
 .text.prvCopyDataToQueue
                0x1000859a       0x7e CMakeFiles/Semaforo.dir/C_/FreeRTOS-Kernel/queue.c.obj
 .text.prvCopyDataFromQueue
                0x10008618       0x24 CMakeFiles/Semaforo.dir/C_/FreeRTOS-Kernel/queue.c.obj
 .text.prvNotifyQueueSetContainer
                0x1000863c       0xa8 CMakeFiles/Semaforo.dir/C_/FreeRTOS-Kernel/queue.c.obj
 .text.prvUnlockQueue
                0x100086e4       0x88 CMakeFiles/Semaforo.dir/C_/FreeRTOS-Kernel/queue.c.obj
 .text.xQueueGenericReset
                0x1000876c       0xd4 CMakeFiles/Semaforo.dir/C_/FreeRTOS-Kernel/queue.c.obj
                0x1000876c                xQueueGenericReset
 .text.prvInitialiseNewQueue
                0x10008840       0x26 CMakeFiles/Semaforo.dir/C_/FreeRTOS-Kernel/queue.c.obj
 *fill*         0x10008866        0x2 
 .text.xQueueGenericCreate
                0x10008868       0x88 CMakeFiles/Semaforo.dir/C_/FreeRTOS-Kernel/queue.c.obj
                0x10008868                xQueueGenericCreate
 .text.xQueueGenericSendFromISR
                0x100088f0      0x13c CMakeFiles/Semaforo.dir/C_/FreeRTOS-Kernel/queue.c.obj
                0x100088f0                xQueueGenericSendFromISR
 .text.xQueueReceive
                0x10008a2c      0x150 CMakeFiles/Semaforo.dir/C_/FreeRTOS-Kernel/queue.c.obj
                0x10008a2c                xQueueReceive
 .text.vQueueAddToRegistry
                0x10008b7c       0x68 CMakeFiles/Semaforo.dir/C_/FreeRTOS-Kernel/queue.c.obj
                0x10008b7c                vQueueAddToRegistry
 .text.vQueueWaitForMessageRestricted
                0x10008be4       0x50 CMakeFiles/Semaforo.dir/C_/FreeRTOS-Kernel/queue.c.obj
                0x10008be4                vQueueWaitForMessageRestricted
 .text.prvResetNextTaskUnblockTime
                0x10008c34       0x2c CMakeFiles/Semaforo.dir/C_/FreeRTOS-Kernel/tasks.c.obj
 .text.prvDeleteTCB
                0x10008c60       0x12 CMakeFiles/Semaforo.dir/C_/FreeRTOS-Kernel/tasks.c.obj
 *fill*         0x10008c72        0x2 
 .text.prvInitialiseNewTask
                0x10008c74       0xb0 CMakeFiles/Semaforo.dir/C_/FreeRTOS-Kernel/tasks.c.obj
 .text.prvCreateTask
                0x10008d24       0x56 CMakeFiles/Semaforo.dir/C_/FreeRTOS-Kernel/tasks.c.obj
 *fill*         0x10008d7a        0x2 
 .text.prvInitialiseTaskLists
                0x10008d7c       0x68 CMakeFiles/Semaforo.dir/C_/FreeRTOS-Kernel/tasks.c.obj
 .text.prvAddNewTaskToReadyList
                0x10008de4       0xc4 CMakeFiles/Semaforo.dir/C_/FreeRTOS-Kernel/tasks.c.obj
 .text.prvCheckTasksWaitingTermination
                0x10008ea8       0x44 CMakeFiles/Semaforo.dir/C_/FreeRTOS-Kernel/tasks.c.obj
 .text.prvIdleTask
                0x10008eec       0x18 CMakeFiles/Semaforo.dir/C_/FreeRTOS-Kernel/tasks.c.obj
 .text.prvAddCurrentTaskToDelayedList
                0x10008f04       0xa8 CMakeFiles/Semaforo.dir/C_/FreeRTOS-Kernel/tasks.c.obj
 .text.xTaskCreate
                0x10008fac       0x24 CMakeFiles/Semaforo.dir/C_/FreeRTOS-Kernel/tasks.c.obj
                0x10008fac                xTaskCreate
 .text.prvCreateIdleTasks
                0x10008fd0       0x64 CMakeFiles/Semaforo.dir/C_/FreeRTOS-Kernel/tasks.c.obj
 .text.vTaskStartScheduler
                0x10009034       0x64 CMakeFiles/Semaforo.dir/C_/FreeRTOS-Kernel/tasks.c.obj
                0x10009034                vTaskStartScheduler
 .text.vTaskSuspendAll
                0x10009098       0x10 CMakeFiles/Semaforo.dir/C_/FreeRTOS-Kernel/tasks.c.obj
                0x10009098                vTaskSuspendAll
 .text.xTaskGetTickCount
                0x100090a8        0xc CMakeFiles/Semaforo.dir/C_/FreeRTOS-Kernel/tasks.c.obj
                0x100090a8                xTaskGetTickCount
 .text.uxTaskGetNumberOfTasks
                0x100090b4        0xc CMakeFiles/Semaforo.dir/C_/FreeRTOS-Kernel/tasks.c.obj
                0x100090b4                uxTaskGetNumberOfTasks
 .text.xTaskIncrementTick
                0x100090c0      0x17c CMakeFiles/Semaforo.dir/C_/FreeRTOS-Kernel/tasks.c.obj
                0x100090c0                xTaskIncrementTick
 .text.xTaskResumeAll
                0x1000923c      0x160 CMakeFiles/Semaforo.dir/C_/FreeRTOS-Kernel/tasks.c.obj
                0x1000923c                xTaskResumeAll
 .text.vTaskDelay
                0x1000939c       0x48 CMakeFiles/Semaforo.dir/C_/FreeRTOS-Kernel/tasks.c.obj
                0x1000939c                vTaskDelay
 .text.vTaskSwitchContext
                0x100093e4       0xa8 CMakeFiles/Semaforo.dir/C_/FreeRTOS-Kernel/tasks.c.obj
                0x100093e4                vTaskSwitchContext
 .text.vTaskPlaceOnEventList
                0x1000948c       0x3c CMakeFiles/Semaforo.dir/C_/FreeRTOS-Kernel/tasks.c.obj
                0x1000948c                vTaskPlaceOnEventList
 .text.vTaskPlaceOnUnorderedEventList
                0x100094c8       0x80 CMakeFiles/Semaforo.dir/C_/FreeRTOS-Kernel/tasks.c.obj
                0x100094c8                vTaskPlaceOnUnorderedEventList
 .text.vTaskPlaceOnEventListRestricted
                0x10009548       0x60 CMakeFiles/Semaforo.dir/C_/FreeRTOS-Kernel/tasks.c.obj
                0x10009548                vTaskPlaceOnEventListRestricted
 .text.xTaskRemoveFromEventList
                0x100095a8      0x100 CMakeFiles/Semaforo.dir/C_/FreeRTOS-Kernel/tasks.c.obj
                0x100095a8                xTaskRemoveFromEventList
 .text.vTaskRemoveFromUnorderedEventList
                0x100096a8       0xf4 CMakeFiles/Semaforo.dir/C_/FreeRTOS-Kernel/tasks.c.obj
                0x100096a8                vTaskRemoveFromUnorderedEventList
 .text.vTaskInternalSetTimeOutState
                0x1000979c       0x18 CMakeFiles/Semaforo.dir/C_/FreeRTOS-Kernel/tasks.c.obj
                0x1000979c                vTaskInternalSetTimeOutState
 .text.xTaskCheckForTimeOut
                0x100097b4       0xb4 CMakeFiles/Semaforo.dir/C_/FreeRTOS-Kernel/tasks.c.obj
                0x100097b4                xTaskCheckForTimeOut
 .text.vTaskMissedYield
                0x10009868        0xc CMakeFiles/Semaforo.dir/C_/FreeRTOS-Kernel/tasks.c.obj
                0x10009868                vTaskMissedYield
 .text.xTaskGetCurrentTaskHandle
                0x10009874        0xc CMakeFiles/Semaforo.dir/C_/FreeRTOS-Kernel/tasks.c.obj
                0x10009874                xTaskGetCurrentTaskHandle
 .text.xTaskGetSchedulerState
                0x10009880       0x24 CMakeFiles/Semaforo.dir/C_/FreeRTOS-Kernel/tasks.c.obj
                0x10009880                xTaskGetSchedulerState
 .text.xTaskPriorityDisinherit
                0x100098a4       0xc0 CMakeFiles/Semaforo.dir/C_/FreeRTOS-Kernel/tasks.c.obj
                0x100098a4                xTaskPriorityDisinherit
 .text.uxTaskResetEventItemValue
                0x10009964       0x18 CMakeFiles/Semaforo.dir/C_/FreeRTOS-Kernel/tasks.c.obj
                0x10009964                uxTaskResetEventItemValue
 .text.prvGetNextExpireTime
                0x1000997c       0x24 CMakeFiles/Semaforo.dir/C_/FreeRTOS-Kernel/timers.c.obj
 .text.prvInsertTimerInActiveList
                0x100099a0       0x48 CMakeFiles/Semaforo.dir/C_/FreeRTOS-Kernel/timers.c.obj
 .text.prvReloadTimer
                0x100099e8       0x28 CMakeFiles/Semaforo.dir/C_/FreeRTOS-Kernel/timers.c.obj
 .text.prvProcessExpiredTimer
                0x10009a10       0x3c CMakeFiles/Semaforo.dir/C_/FreeRTOS-Kernel/timers.c.obj
 .text.prvSwitchTimerLists
                0x10009a4c       0x30 CMakeFiles/Semaforo.dir/C_/FreeRTOS-Kernel/timers.c.obj
 .text.prvSampleTimeNow
                0x10009a7c       0x2c CMakeFiles/Semaforo.dir/C_/FreeRTOS-Kernel/timers.c.obj
 .text.prvProcessTimerOrBlockTask
                0x10009aa8       0x70 CMakeFiles/Semaforo.dir/C_/FreeRTOS-Kernel/timers.c.obj
 .text.prvProcessReceivedCommands
                0x10009b18      0x110 CMakeFiles/Semaforo.dir/C_/FreeRTOS-Kernel/timers.c.obj
 .text.prvTimerTask
                0x10009c28       0x16 CMakeFiles/Semaforo.dir/C_/FreeRTOS-Kernel/timers.c.obj
 *fill*         0x10009c3e        0x2 
 .text.prvCheckForValidListAndQueue
                0x10009c40       0x60 CMakeFiles/Semaforo.dir/C_/FreeRTOS-Kernel/timers.c.obj
 .text.xTimerCreateTimerTask
                0x10009ca0       0x58 CMakeFiles/Semaforo.dir/C_/FreeRTOS-Kernel/timers.c.obj
                0x10009ca0                xTimerCreateTimerTask
 .text.xTimerPendFunctionCallFromISR
                0x10009cf8       0x2c CMakeFiles/Semaforo.dir/C_/FreeRTOS-Kernel/timers.c.obj
                0x10009cf8                xTimerPendFunctionCallFromISR
 .text.exception_is_compile_time_default
                0x10009d24       0x20 CMakeFiles/Semaforo.dir/C_/Users/Aulo/.pico-sdk/sdk/2.1.1/src/rp2_common/hardware_exception/exception.c.obj
 .text.set_raw_exception_handler_and_restore_interrupts
                0x10009d44       0x18 CMakeFiles/Semaforo.dir/C_/Users/Aulo/.pico-sdk/sdk/2.1.1/src/rp2_common/hardware_exception/exception.c.obj
 .text.exception_get_vtable_handler
                0x10009d5c       0x10 CMakeFiles/Semaforo.dir/C_/Users/Aulo/.pico-sdk/sdk/2.1.1/src/rp2_common/hardware_exception/exception.c.obj
                0x10009d5c                exception_get_vtable_handler
 .text.exception_set_exclusive_handler
                0x10009d6c       0x44 CMakeFiles/Semaforo.dir/C_/Users/Aulo/.pico-sdk/sdk/2.1.1/src/rp2_common/hardware_exception/exception.c.obj
                0x10009d6c                exception_set_exclusive_handler
 .text.prvHeapInit
                0x10009db0       0x58 CMakeFiles/Semaforo.dir/C_/FreeRTOS-Kernel/portable/MemMang/heap_4.c.obj
 .text.prvInsertBlockIntoFreeList
                0x10009e08       0x88 CMakeFiles/Semaforo.dir/C_/FreeRTOS-Kernel/portable/MemMang/heap_4.c.obj
 .text.pvPortMalloc
                0x10009e90      0x188 CMakeFiles/Semaforo.dir/C_/FreeRTOS-Kernel/portable/MemMang/heap_4.c.obj
                0x10009e90                pvPortMalloc
 .text.vPortFree
                0x1000a018       0xa4 CMakeFiles/Semaforo.dir/C_/FreeRTOS-Kernel/portable/MemMang/heap_4.c.obj
                0x1000a018                vPortFree
 .text.calloc   0x1000a0bc       0x18 C:/Users/Aulo/.pico-sdk/toolchain/14_2_Rel1/bin/../lib/gcc/arm-none-eabi/14.2.1/thumb/v6-m/nofp\libg.a(libc_a-calloc.o)
                0x1000a0bc                calloc
 .text._calloc_r
                0x1000a0d4       0xa8 C:/Users/Aulo/.pico-sdk/toolchain/14_2_Rel1/bin/../lib/gcc/arm-none-eabi/14.2.1/thumb/v6-m/nofp\libg.a(libc_a-callocr.o)
                0x1000a0d4                _calloc_r
 .text._malloc_r
                0x1000a17c      0x5cc C:/Users/Aulo/.pico-sdk/toolchain/14_2_Rel1/bin/../lib/gcc/arm-none-eabi/14.2.1/thumb/v6-m/nofp\libg.a(libc_a-mallocr.o)
                0x1000a17c                _malloc_r
 .text.__malloc_lock
                0x1000a748       0x10 C:/Users/Aulo/.pico-sdk/toolchain/14_2_Rel1/bin/../lib/gcc/arm-none-eabi/14.2.1/thumb/v6-m/nofp\libg.a(libc_a-mlock.o)
                0x1000a748                __malloc_lock
 .text.__malloc_unlock
                0x1000a758       0x10 C:/Users/Aulo/.pico-sdk/toolchain/14_2_Rel1/bin/../lib/gcc/arm-none-eabi/14.2.1/thumb/v6-m/nofp\libg.a(libc_a-mlock.o)
                0x1000a758                __malloc_unlock
 .text._sbrk_r  0x1000a768       0x24 C:/Users/Aulo/.pico-sdk/toolchain/14_2_Rel1/bin/../lib/gcc/arm-none-eabi/14.2.1/thumb/v6-m/nofp\libg.a(libc_a-sbrkr.o)
                0x1000a768                _sbrk_r
 .text.__errno  0x1000a78c        0xc C:/Users/Aulo/.pico-sdk/toolchain/14_2_Rel1/bin/../lib/gcc/arm-none-eabi/14.2.1/thumb/v6-m/nofp\libg.a(libc_a-errno.o)
                0x1000a78c                __errno
 .text.__retarget_lock_acquire_recursive
                0x1000a798        0x4 C:/Users/Aulo/.pico-sdk/toolchain/14_2_Rel1/bin/../lib/gcc/arm-none-eabi/14.2.1/thumb/v6-m/nofp\libg.a(libc_a-lock.o)
                0x1000a798                __retarget_lock_acquire_recursive
 .text.__retarget_lock_release_recursive
                0x1000a79c        0x4 C:/Users/Aulo/.pico-sdk/toolchain/14_2_Rel1/bin/../lib/gcc/arm-none-eabi/14.2.1/thumb/v6-m/nofp\libg.a(libc_a-lock.o)
                0x1000a79c                __retarget_lock_release_recursive
 .text.sysconf  0x1000a7a0       0x1c C:/Users/Aulo/.pico-sdk/toolchain/14_2_Rel1/bin/../lib/gcc/arm-none-eabi/14.2.1/thumb/v6-m/nofp\libg.a(libc_a-sysconf.o)
                0x1000a7a0                sysconf
 .text.strlen   0x1000a7bc       0x5c C:/Users/Aulo/.pico-sdk/toolchain/14_2_Rel1/bin/../lib/gcc/arm-none-eabi/14.2.1/thumb/v6-m/nofp\libg.a(libc_a-strlen-stub.o)
                0x1000a7bc                strlen
 .text._malloc_trim_r
                0x1000a818       0xb4 C:/Users/Aulo/.pico-sdk/toolchain/14_2_Rel1/bin/../lib/gcc/arm-none-eabi/14.2.1/thumb/v6-m/nofp\libg.a(libc_a-freer.o)
                0x1000a818                _malloc_trim_r
 .text._free_r  0x1000a8cc      0x1f0 C:/Users/Aulo/.pico-sdk/toolchain/14_2_Rel1/bin/../lib/gcc/arm-none-eabi/14.2.1/thumb/v6-m/nofp\libg.a(libc_a-freer.o)
                0x1000a8cc                _free_r
 *(.fini)
 .fini          0x1000aabc        0x4 C:/Users/Aulo/.pico-sdk/toolchain/14_2_Rel1/bin/../lib/gcc/arm-none-eabi/14.2.1/thumb/v6-m/nofp/crti.o
                0x1000aabc                _fini
 .fini.__stub   0x1000aac0       0xe0 linker stubs
 *crtbegin.o(.ctors)
 *crtbegin?.o(.ctors)
 *(EXCLUDE_FILE(*crtend.o *crtend?.o) .ctors)
 *(SORT_BY_NAME(.ctors.*))
 *(.ctors)
 *crtbegin.o(.dtors)
 *crtbegin?.o(.dtors)